Component: ARM Compiler 5.06 update 4 (build 422) Tool: armlink [4d35d2]

==============================================================================

Section Cross References

    main.o(.text) refers to misc.o(.text) for NVIC_PriorityGroupConfig
    main.o(.text) refers to delay.o(.text) for delay_init
    main.o(.text) refers to usart.o(.text) for uart_init
    main.o(.text) refers to oled.o(.text) for OLED_Init
    main.o(.text) refers to mpu6050.o(.text) for MPU_Init
    main.o(.text) refers to inv_mpu.o(.text) for mpu_dmp_init
    main.o(.text) refers to huidu.o(.text) for huidu_init
    main.o(.text) refers to gpio.o(.text) for LED_Init
    main.o(.text) refers to adc.o(.text) for Adc3_Init
    main.o(.text) refers to bianmaqi.o(.text) for Encoder_Configuration
    main.o(.text) refers to timer.o(.text) for TIM6_Int_Init
    main.o(.text) refers to duoji.o(.text) for TIM1_PWM_Init
    main.o(.text) refers to stm32f4xx_tim.o(.text) for TIM_GetITStatus
    main.o(.text) refers to main.o(.data) for yaw
    system_stm32f4xx.o(.text) refers to system_stm32f4xx.o(.data) for SystemCoreClock
    startup_stm32f40_41xxx.o(STACK) refers (Special) to heapauxi.o(.text) for __use_two_region_memory
    startup_stm32f40_41xxx.o(HEAP) refers (Special) to heapauxi.o(.text) for __use_two_region_memory
    startup_stm32f40_41xxx.o(RESET) refers (Special) to heapauxi.o(.text) for __use_two_region_memory
    startup_stm32f40_41xxx.o(RESET) refers to startup_stm32f40_41xxx.o(STACK) for __initial_sp
    startup_stm32f40_41xxx.o(RESET) refers to startup_stm32f40_41xxx.o(.text) for Reset_Handler
    startup_stm32f40_41xxx.o(RESET) refers to stm32f4xx_it.o(.text) for NMI_Handler
    startup_stm32f40_41xxx.o(RESET) refers to usart.o(.text) for USART1_IRQHandler
    startup_stm32f40_41xxx.o(RESET) refers to main.o(.text) for TIM6_DAC_IRQHandler
    startup_stm32f40_41xxx.o(.text) refers (Special) to heapauxi.o(.text) for __use_two_region_memory
    startup_stm32f40_41xxx.o(.text) refers to system_stm32f4xx.o(.text) for SystemInit
    startup_stm32f40_41xxx.o(.text) refers to __main.o(!!!main) for __main
    startup_stm32f40_41xxx.o(.text) refers to startup_stm32f40_41xxx.o(HEAP) for Heap_Mem
    startup_stm32f40_41xxx.o(.text) refers to startup_stm32f40_41xxx.o(STACK) for Stack_Mem
    stm32f4xx_adc.o(.text) refers to stm32f4xx_rcc.o(.text) for RCC_APB2PeriphResetCmd
    stm32f4xx_fsmc.o(.text) refers to stm32f4xx_fsmc.o(.constdata) for FSMC_DefaultTimingStruct
    stm32f4xx_gpio.o(.text) refers to stm32f4xx_rcc.o(.text) for RCC_AHB1PeriphResetCmd
    stm32f4xx_rcc.o(.text) refers to stm32f4xx_rcc.o(.data) for APBAHBPrescTable
    stm32f4xx_tim.o(.text) refers to stm32f4xx_rcc.o(.text) for RCC_APB2PeriphResetCmd
    stm32f4xx_usart.o(.text) refers to stm32f4xx_rcc.o(.text) for RCC_APB2PeriphResetCmd
    delay.o(.text) refers to misc.o(.text) for SysTick_CLKSourceConfig
    delay.o(.text) refers to delay.o(.data) for fac_us
    usart.o(.rev16_text) refers (Special) to use_no_semi_2.o(.text) for __use_no_semihosting
    usart.o(.revsh_text) refers (Special) to use_no_semi_2.o(.text) for __use_no_semihosting
    usart.o(.text) refers (Special) to use_no_semi_2.o(.text) for __use_no_semihosting
    usart.o(.text) refers to stm32f4xx_rcc.o(.text) for RCC_AHB1PeriphClockCmd
    usart.o(.text) refers to stm32f4xx_gpio.o(.text) for GPIO_PinAFConfig
    usart.o(.text) refers to stm32f4xx_usart.o(.text) for USART_Init
    usart.o(.text) refers to misc.o(.text) for NVIC_Init
    usart.o(.text) refers to usart.o(.data) for USART_RX_STA
    usart.o(.text) refers to usart.o(.bss) for USART_RX_BUF
    usart.o(.bss) refers (Special) to use_no_semi_2.o(.text) for __use_no_semihosting
    usart.o(.data) refers (Special) to use_no_semi_2.o(.text) for __use_no_semihosting
    oled.o(.text) refers to stm32f4xx_gpio.o(.text) for GPIO_SetBits
    oled.o(.text) refers to stm32f4xx_rcc.o(.text) for RCC_AHB1PeriphClockCmd
    oled.o(.text) refers to dleqf.o(x$fpl$dleqf) for __aeabi_cdcmple
    oled.o(.text) refers to basic.o(x$fpl$basic) for __aeabi_dneg
    oled.o(.text) refers to dfix.o(x$fpl$dfix) for __aeabi_d2iz
    oled.o(.text) refers to dflt_clz.o(x$fpl$dflt) for __aeabi_i2d
    oled.o(.text) refers to daddsub_clz.o(x$fpl$drsb) for __aeabi_drsub
    oled.o(.text) refers to dmul.o(x$fpl$dmul) for __aeabi_dmul
    oled.o(.text) refers to dfixu.o(x$fpl$dfixu) for __aeabi_d2uiz
    oled.o(.text) refers to oled.o(.constdata) for F6x8
    oled.o(.text) refers to dflt_clz.o(x$fpl$dfltu) for __aeabi_ui2d
    oled.o(.text) refers to oled.o(.data) for tempI1
    timer.o(.text) refers to stm32f4xx_rcc.o(.text) for RCC_APB1PeriphClockCmd
    timer.o(.text) refers to stm32f4xx_tim.o(.text) for TIM_TimeBaseInit
    timer.o(.text) refers to misc.o(.text) for NVIC_Init
    timer.o(.text) refers to stm32f4xx_gpio.o(.text) for GPIO_PinAFConfig
[...]
    CAN2_SCE_IRQHandler                      0x080006bb   Thumb Code     0  startup_stm32f40_41xxx.o(.text)
    CAN2_TX_IRQHandler                       0x080006bb   Thumb Code     0  startup_stm32f40_41xxx.o(.text)
    CRYP_IRQHandler                          0x080006bb   Thumb Code     0  startup_stm32f40_41xxx.o(.text)
    DCMI_IRQHandler                          0x080006bb   Thumb Code     0  startup_stm32f40_41xxx.o(.text)
    DMA1_Stream0_IRQHandler                  0x080006bb   Thumb Code     0  startup_stm32f40_41xxx.o(.text)
    DMA1_Stream1_IRQHandler                  0x080006bb   Thumb Code     0  startup_stm32f40_41xxx.o(.text)
    DMA1_Stream2_IRQHandler                  0x080006bb   Thumb Code     0  startup_stm32f40_41xxx.o(.text)
    DMA1_Stream3_IRQHandler                  0x080006bb   Thumb Code     0  startup_stm32f40_41xxx.o(.text)
    DMA1_Stream4_IRQHandler                  0x080006bb   Thumb Code     0  startup_stm32f40_41xxx.o(.text)
    DMA1_Stream5_IRQHandler                  0x080006bb   Thumb Code     0  startup_stm32f40_41xxx.o(.text)
    DMA1_Stream6_IRQHandler                  0x080006bb   Thumb Code     0  startup_stm32f40_41xxx.o(.text)
    DMA1_Stream7_IRQHandler                  0x080006bb   Thumb Code     0  startup_stm32f40_41xxx.o(.text)
    DMA2_Stream0_IRQHandler                  0x080006bb   Thumb Code     0  startup_stm32f40_41xxx.o(.text)
    DMA2_Stream1_IRQHandler                  0x080006bb   Thumb Code     0  startup_stm32f40_41xxx.o(.text)
    DMA2_Stream2_IRQHandler                  0x080006bb   Thumb Code     0  startup_stm32f40_41xxx.o(.text)
    DMA2_Stream3_IRQHandler                  0x080006bb   Thumb Code     0  startup_stm32f40_41xxx.o(.text)
    DMA2_Stream4_IRQHandler                  0x080006bb   Thumb Code     0  startup_stm32f40_41xxx.o(.text)
    DMA2_Stream5_IRQHandler                  0x080006bb   Thumb Code     0  startup_stm32f40_41xxx.o(.text)
    DMA2_Stream6_IRQHandler                  0x080006bb   Thumb Code     0  startup_stm32f40_41xxx.o(.text)
    DMA2_Stream7_IRQHandler                  0x080006bb   Thumb Code     0  startup_stm32f40_41xxx.o(.text)
    ETH_IRQHandler                           0x080006bb   Thumb Code     0  startup_stm32f40_41xxx.o(.text)
    ETH_WKUP_IRQHandler                      0x080006bb   Thumb Code     0  startup_stm32f40_41xxx.o(.text)
    EXTI0_IRQHandler                         0x080006bb   Thumb Code     0  startup_stm32f40_41xxx.o(.text)
    EXTI15_10_IRQHandler                     0x080006bb   Thumb Code     0  startup_stm32f40_41xxx.o(.text)
    EXTI1_IRQHandler                         0x080006bb   Thumb Code     0  startup_stm32f40_41xxx.o(.text)
    EXTI2_IRQHandler                         0x080006bb   Thumb Code     0  startup_stm32f40_41xxx.o(.text)
    EXTI3_IRQHandler                         0x080006bb   Thumb Code     0  startup_stm32f40_41xxx.o(.text)
    EXTI4_IRQHandler                         0x080006bb   Thumb Code     0  startup_stm32f40_41xxx.o(.text)
    EXTI9_5_IRQHandler                       0x080006bb   Thumb Code     0  startup_stm32f40_41xxx.o(.text)
    FLASH_IRQHandler                         0x080006bb   Thumb Code     0  startup_stm32f40_41xxx.o(.text)
    FPU_IRQHandler                           0x080006bb   Thumb Code     0  startup_stm32f40_41xxx.o(.text)
    FSMC_IRQHandler                          0x080006bb   Thumb Code     0  startup_stm32f40_41xxx.o(.text)
    HASH_RNG_IRQHandler                      0x080006bb   Thumb Code     0  startup_stm32f40_41xxx.o(.text)
    I2C1_ER_IRQHandler                       0x080006bb   Thumb Code     0  startup_stm32f40_41xxx.o(.text)
    I2C1_EV_IRQHandler                       0x080006bb   Thumb Code     0  startup_stm32f40_41xxx.o(.text)
    I2C2_ER_IRQHandler                       0x080006bb   Thumb Code     0  startup_stm32f40_41xxx.o(.text)
    I2C2_EV_IRQHandler                       0x080006bb   Thumb Code     0  startup_stm32f40_41xxx.o(.text)
    I2C3_ER_IRQHandler                       0x080006bb   Thumb Code     0  startup_stm32f40_41xxx.o(.text)
    I2C3_EV_IRQHandler                       0x080006bb   Thumb Code     0  startup_stm32f40_41xxx.o(.text)
    OTG_FS_IRQHandler                        0x080006bb   Thumb Code     0  startup_stm32f40_41xxx.o(.text)
    OTG_FS_WKUP_IRQHandler                   0x080006bb   Thumb Code     0  startup_stm32f40_41xxx.o(.text)
    OTG_HS_EP1_IN_IRQHandler                 0x080006bb   Thumb Code     0  startup_stm32f40_41xxx.o(.text)
    OTG_HS_EP1_OUT_IRQHandler                0x080006bb   Thumb Code     0  startup_stm32f40_41xxx.o(.text)
    OTG_HS_IRQHandler                        0x080006bb   Thumb Code     0  startup_stm32f40_41xxx.o(.text)
    OTG_HS_WKUP_IRQHandler                   0x080006bb   Thumb Code     0  startup_stm32f40_41xxx.o(.text)
    PVD_IRQHandler                           0x080006bb   Thumb Code     0  startup_stm32f40_41xxx.o(.text)
    RCC_IRQHandler                           0x080006bb   Thumb Code     0  startup_stm32f40_41xxx.o(.text)
    RTC_Alarm_IRQHandler                     0x080006bb   Thumb Code     0  startup_stm32f40_41xxx.o(.text)
    RTC_WKUP_IRQHandler                      0x080006bb   Thumb Code     0  startup_stm32f40_41xxx.o(.text)
    SDIO_IRQHandler                          0x080006bb   Thumb Code     0  startup_stm32f40_41xxx.o(.text)
    SPI1_IRQHandler                          0x080006bb   Thumb Code     0  startup_stm32f40_41xxx.o(.text)
    SPI2_IRQHandler                          0x080006bb   Thumb Code     0  startup_stm32f40_41xxx.o(.text)
    SPI3_IRQHandler                          0x080006bb   Thumb Code     0  startup_stm32f40_41xxx.o(.text)
    TAMP_STAMP_IRQHandler                    0x080006bb   Thumb Code     0  startup_stm32f40_41xxx.o(.text)
    TIM1_BRK_TIM9_IRQHandler                 0x080006bb   Thumb Code     0  startup_stm32f40_41xxx.o(.text)
    TIM1_CC_IRQHandler                       0x080006bb   Thumb Code     0  startup_stm32f40_41xxx.o(.text)
    TIM1_TRG_COM_TIM11_IRQHandler            0x080006bb   Thumb Code     0  startup_stm32f40_41xxx.o(.text)
    TIM1_UP_TIM10_IRQHandler                 0x080006bb   Thumb Code     0  startup_stm32f40_41xxx.o(.text)
    TIM2_IRQHandler                          0x080006bb   Thumb Code     0  startup_stm32f40_41xxx.o(.text)
    TIM3_IRQHandler                          0x080006bb   Thumb Code     0  startup_stm32f40_41xxx.o(.text)
    TIM4_IRQHandler                          0x080006bb   Thumb Code     0  startup_stm32f40_41xxx.o(.text)
    TIM5_IRQHandler                          0x080006bb   Thumb Code     0  startup_stm32f40_41xxx.o(.text)
    TIM8_BRK_TIM12_IRQHandler                0x080006bb   Thumb Code     0  startup_stm32f40_41xxx.o(.text)
    TIM8_CC_IRQHandler                       0x080006bb   Thumb Code     0  startup_stm32f40_41xxx.o(.text)
    TIM8_TRG_COM_TIM14_IRQHandler            0x080006bb   Thumb Code     0  startup_stm32f40_41xxx.o(.text)
    TIM8_UP_TIM13_IRQHandler                 0x080006bb   Thumb Code     0  startup_stm32f40_41xxx.o(.text)
    UART4_IRQHandler                         0x080006bb   Thumb Code     0  startup_stm32f40_41xxx.o(.text)
    UART5_IRQHandler                         0x080006bb   Thumb Code     0  startup_stm32f40_41xxx.o(.text)
    USART2_IRQHandler                        0x080006bb   Thumb Code     0  startup_stm32f40_41xxx.o(.text)
    USART3_IRQHandler                        0x080006bb   Thumb Code     0  startup_stm32f40_41xxx.o(.text)
    USART6_IRQHandler                        0x080006bb   Thumb Code     0  startup_stm32f40_41xxx.o(.text)
    WWDG_IRQHandler                          0x080006bb   Thumb Code     0  startup_stm32f40_41xxx.o(.text)
    __user_initial_stackheap                 0x080006bd   Thumb Code     0  startup_stm32f40_41xxx.o(.text)
    NVIC_PriorityGroupConfig                 0x080006e1   Thumb Code    10  misc.o(.text)
    NVIC_Init                                0x080006eb   Thumb Code   106  misc.o(.text)
    NVIC_SetVectorTable                      0x08000755   Thumb Code    14  misc.o(.text)
    NVIC_SystemLPConfig                      0x08000763   Thumb Code    34  misc.o(.text)
    SysTick_CLKSourceConfig                  0x08000785   Thumb Code    40  misc.o(.text)
    ADC_DeInit                               0x080007c1   Thumb Code    22  stm32f4xx_adc.o(.text)
    ADC_Init                                 0x080007d7   Thumb Code    74  stm32f4xx_adc.o(.text)
    ADC_StructInit                           0x08000821   Thumb Code    20  stm32f4xx_adc.o(.text)
    ADC_CommonInit                           0x08000835   Thumb Code    34  stm32f4xx_adc.o(.text)
    ADC_CommonStructInit                     0x08000857   Thumb Code    12  stm32f4xx_adc.o(.text)
    ADC_Cmd                                  0x08000863   Thumb Code    22  stm32f4xx_adc.o(.text)
    ADC_AnalogWatchdogCmd                    0x08000879   Thumb Code    16  stm32f4xx_adc.o(.text)
    ADC_AnalogWatchdogThresholdsConfig       0x08000889   Thumb Code     6  stm32f4xx_adc.o(.text)
    ADC_AnalogWatchdogSingleChannelConfig    0x0800088f   Thumb Code    16  stm32f4xx_adc.o(.text)
    ADC_TempSensorVrefintCmd                 0x0800089f   Thumb Code    34  stm32f4xx_adc.o(.text)
    ADC_VBATCmd                              0x080008c1   Thumb Code    34  stm32f4xx_adc.o(.text)
    ADC_RegularChannelConfig                 0x080008e3   Thumb Code   184  stm32f4xx_adc.o(.text)
    ADC_SoftwareStartConv                    0x0800099b   Thumb Code    10  stm32f4xx_adc.o(.text)
    ADC_GetSoftwareStartConvStatus           0x080009a5   Thumb Code    20  stm32f4xx_adc.o(.text)
    ADC_EOCOnEachRegularChannelCmd           0x080009b9   Thumb Code    22  stm32f4xx_adc.o(.text)
    ADC_ContinuousModeCmd                    0x080009cf   Thumb Code    22  stm32f4xx_adc.o(.text)
    ADC_DiscModeChannelCountConfig           0x080009e5   Thumb Code    24  stm32f4xx_adc.o(.text)
    ADC_DiscModeCmd                          0x080009fd   Thumb Code    22  stm32f4xx_adc.o(.text)
    ADC_GetConversionValue                   0x08000a13   Thumb Code     8  stm32f4xx_adc.o(.text)
    ADC_GetMultiModeConversionValue          0x08000a1b   Thumb Code     8  stm32f4xx_adc.o(.text)
    ADC_DMACmd                               0x08000a23   Thumb Code    22  stm32f4xx_adc.o(.text)
    ADC_DMARequestAfterLastTransferCmd       0x08000a39   Thumb Code    22  stm32f4xx_adc.o(.text)
    ADC_MultiModeDMARequestAfterLastTransferCmd 0x08000a4f   Thumb Code    34  stm32f4xx_adc.o(.text)
    ADC_InjectedChannelConfig                0x08000a71   Thumb Code   130  stm32f4xx_adc.o(.text)
    ADC_InjectedSequencerLengthConfig        0x08000af3   Thumb Code    24  stm32f4xx_adc.o(.text)
    ADC_SetInjectedOffset                    0x08000b0b   Thumb Code    20  stm32f4xx_adc.o(.text)
    ADC_ExternalTrigInjectedConvConfig       0x08000b1f   Thumb Code    16  stm32f4xx_adc.o(.text)
    ADC_ExternalTrigInjectedConvEdgeConfig   0x08000b2f   Thumb Code    16  stm32f4xx_adc.o(.text)
    ADC_SoftwareStartInjectedConv            0x08000b3f   Thumb Code    10  stm32f4xx_adc.o(.text)
    ADC_GetSoftwareStartInjectedConvCmdStatus 0x08000b49   Thumb Code    20  stm32f4xx_adc.o(.text)
    ADC_AutoInjectedConvCmd                  0x08000b5d   Thumb Code    22  stm32f4xx_adc.o(.text)
    ADC_InjectedDiscModeCmd                  0x08000b73   Thumb Code    22  stm32f4xx_adc.o(.text)
    ADC_GetInjectedConversionValue           0x08000b89   Thumb Code    28  stm32f4xx_adc.o(.text)
    ADC_ITConfig                             0x08000ba5   Thumb Code    56  stm32f4xx_adc.o(.text)
    ADC_GetFlagStatus                        0x08000bdd   Thumb Code    18  stm32f4xx_adc.o(.text)
    ADC_ClearFlag                            0x08000bef   Thumb Code     6  stm32f4xx_adc.o(.text)
    ADC_GetITStatus                          0x08000bf5   Thumb Code    38  stm32f4xx_adc.o(.text)
    ADC_ClearITPendingBit                    0x08000c1b   Thumb Code    10  stm32f4xx_adc.o(.text)
    GPIO_DeInit                              0x08000c25   Thumb Code   268  stm32f4xx_gpio.o(.text)
    GPIO_Init                                0x08000d31   Thumb Code   144  stm32f4xx_gpio.o(.text)
    GPIO_StructInit                          0x08000dc1   Thumb Code    18  stm32f4xx_gpio.o(.text)
    GPIO_PinLockConfig                       0x08000dd3   Thumb Code    34  stm32f4xx_gpio.o(.text)
    GPIO_ReadInputDataBit                    0x08000df5   Thumb Code    18  stm32f4xx_gpio.o(.text)
    GPIO_ReadInputData                       0x08000e07   Thumb Code     8  stm32f4xx_gpio.o(.text)
    GPIO_ReadOutputDataBit                   0x08000e0f   Thumb Code    18  stm32f4xx_gpio.o(.text)
    GPIO_ReadOutputData                      0x08000e21   Thumb Code     8  stm32f4xx_gpio.o(.text)
    GPIO_SetBits                             0x08000e29   Thumb Code     4  stm32f4xx_gpio.o(.text)
    GPIO_ResetBits                           0x08000e2d   Thumb Code     4  stm32f4xx_gpio.o(.text)
    GPIO_WriteBit                            0x08000e31   Thumb Code    10  stm32f4xx_gpio.o(.text)
    GPIO_Write                               0x08000e3b   Thumb Code     4  stm32f4xx_gpio.o(.text)
    GPIO_ToggleBits                          0x08000e3f   Thumb Code     8  stm32f4xx_gpio.o(.text)
    GPIO_PinAFConfig                         0x08000e47   Thumb Code    70  stm32f4xx_gpio.o(.text)
    RCC_DeInit                               0x08000eb9   Thumb Code    82  stm32f4xx_rcc.o(.text)
    RCC_HSEConfig                            0x08000f0b   Thumb Code    14  stm32f4xx_rcc.o(.text)
    RCC_GetFlagStatus                        0x08000f19   Thumb Code    60  stm32f4xx_rcc.o(.text)
    RCC_WaitForHSEStartUp                    0x08000f55   Thumb Code    56  stm32f4xx_rcc.o(.text)
    RCC_AdjustHSICalibrationValue            0x08000f8d   Thumb Code    20  stm32f4xx_rcc.o(.text)
    RCC_HSICmd                               0x08000fa1   Thumb Code     6  stm32f4xx_rcc.o(.text)
    RCC_LSEConfig                            0x08000fa7   Thumb Code    46  stm32f4xx_rcc.o(.text)
    RCC_LSICmd                               0x08000fd5   Thumb Code     6  stm32f4xx_rcc.o(.text)
    RCC_PLLConfig                            0x08000fdb   Thumb Code    32  stm32f4xx_rcc.o(.text)
    RCC_PLLCmd                               0x08000ffb   Thumb Code     6  stm32f4xx_rcc.o(.text)
    RCC_PLLI2SConfig                         0x08001001   Thumb Code    14  stm32f4xx_rcc.o(.text)
    RCC_PLLI2SCmd                            0x0800100f   Thumb Code     6  stm32f4xx_rcc.o(.text)
    RCC_PLLSAIConfig                         0x08001015   Thumb Code    20  stm32f4xx_rcc.o(.text)
    RCC_PLLSAICmd                            0x08001029   Thumb Code     6  stm32f4xx_rcc.o(.text)
    RCC_ClockSecuritySystemCmd               0x0800102f   Thumb Code     6  stm32f4xx_rcc.o(.text)
    RCC_MCO1Config                           0x08001035   Thumb Code    28  stm32f4xx_rcc.o(.text)
    RCC_MCO2Config                           0x08001051   Thumb Code    28  stm32f4xx_rcc.o(.text)
    RCC_SYSCLKConfig                         0x0800106d   Thumb Code    20  stm32f4xx_rcc.o(.text)
    RCC_GetSYSCLKSource                      0x08001081   Thumb Code    12  stm32f4xx_rcc.o(.text)
    RCC_HCLKConfig                           0x0800108d   Thumb Code    20  stm32f4xx_rcc.o(.text)
    RCC_PCLK1Config                          0x080010a1   Thumb Code    20  stm32f4xx_rcc.o(.text)
    RCC_PCLK2Config                          0x080010b5   Thumb Code    22  stm32f4xx_rcc.o(.text)
    RCC_GetClocksFreq                        0x080010cb   Thumb Code   222  stm32f4xx_rcc.o(.text)
    RCC_RTCCLKConfig                         0x080011a9   Thumb Code    54  stm32f4xx_rcc.o(.text)
    RCC_RTCCLKCmd                            0x080011df   Thumb Code     8  stm32f4xx_rcc.o(.text)
    RCC_BackupResetCmd                       0x080011e7   Thumb Code     8  stm32f4xx_rcc.o(.text)
    RCC_I2SCLKConfig                         0x080011ef   Thumb Code     6  stm32f4xx_rcc.o(.text)
    RCC_SAIPLLI2SClkDivConfig                0x080011f5   Thumb Code    26  stm32f4xx_rcc.o(.text)
    RCC_SAIPLLSAIClkDivConfig                0x0800120f   Thumb Code    28  stm32f4xx_rcc.o(.text)
    RCC_SAIBlockACLKConfig                   0x0800122b   Thumb Code    20  stm32f4xx_rcc.o(.text)
    RCC_SAIBlockBCLKConfig                   0x0800123f   Thumb Code    20  stm32f4xx_rcc.o(.text)
    RCC_LTDCCLKDivConfig                     0x08001253   Thumb Code    20  stm32f4xx_rcc.o(.text)
    RCC_TIMCLKPresConfig                     0x08001267   Thumb Code     6  stm32f4xx_rcc.o(.text)
    RCC_AHB1PeriphClockCmd                   0x0800126d   Thumb Code    34  stm32f4xx_rcc.o(.text)
    RCC_AHB2PeriphClockCmd                   0x0800128f   Thumb Code    78  stm32f4xx_rcc.o(.text)
    RCC_AHB3PeriphClockCmd                   0x080012dd   Thumb Code    34  stm32f4xx_rcc.o(.text)
    RCC_APB1PeriphClockCmd                   0x080012ff   Thumb Code    34  stm32f4xx_rcc.o(.text)
    RCC_APB2PeriphClockCmd                   0x08001321   Thumb Code    34  stm32f4xx_rcc.o(.text)
    RCC_AHB1PeriphResetCmd                   0x08001343   Thumb Code    34  stm32f4xx_rcc.o(.text)
    RCC_AHB2PeriphResetCmd                   0x08001365   Thumb Code    34  stm32f4xx_rcc.o(.text)
    RCC_AHB3PeriphResetCmd                   0x08001387   Thumb Code    34  stm32f4xx_rcc.o(.text)
    RCC_APB1PeriphResetCmd                   0x080013a9   Thumb Code    34  stm32f4xx_rcc.o(.text)
    RCC_APB2PeriphResetCmd                   0x080013cb   Thumb Code    34  stm32f4xx_rcc.o(.text)
    RCC_AHB1PeriphClockLPModeCmd             0x080013ed   Thumb Code    34  stm32f4xx_rcc.o(.text)
    RCC_AHB2PeriphClockLPModeCmd             0x0800140f   Thumb Code    34  stm32f4xx_rcc.o(.text)
    RCC_AHB3PeriphClockLPModeCmd             0x08001431   Thumb Code    34  stm32f4xx_rcc.o(.text)
    RCC_APB1PeriphClockLPModeCmd             0x08001453   Thumb Code    34  stm32f4xx_rcc.o(.text)
    RCC_APB2PeriphClockLPModeCmd             0x08001475   Thumb Code    34  stm32f4xx_rcc.o(.text)
    RCC_LSEModeConfig                        0x08001497   Thumb Code    40  stm32f4xx_rcc.o(.text)
    RCC_ITConfig                             0x080014bf   Thumb Code    34  stm32f4xx_rcc.o(.text)
    RCC_ClearFlag                            0x080014e1   Thumb Code    18  stm32f4xx_rcc.o(.text)
    RCC_GetITStatus                          0x080014f3   Thumb Code    22  stm32f4xx_rcc.o(.text)
    RCC_ClearITPendingBit                    0x08001509   Thumb Code     8  stm32f4xx_rcc.o(.text)
    TIM_DeInit                               0x08001515   Thumb Code   346  stm32f4xx_tim.o(.text)
    TIM_TimeBaseInit                         0x0800166f   Thumb Code   104  stm32f4xx_tim.o(.text)
    TIM_TimeBaseStructInit                   0x080016d7   Thumb Code    18  stm32f4xx_tim.o(.text)
    TIM_PrescalerConfig                      0x080016e9   Thumb Code     6  stm32f4xx_tim.o(.text)
    TIM_CounterModeConfig                    0x080016ef   Thumb Code    18  stm32f4xx_tim.o(.text)
    TIM_SetCounter                           0x08001701   Thumb Code     4  stm32f4xx_tim.o(.text)
    TIM_SetAutoreload                        0x08001705   Thumb Code     4  stm32f4xx_tim.o(.text)
    TIM_GetCounter                           0x08001709   Thumb Code     6  stm32f4xx_tim.o(.text)
    TIM_GetPrescaler                         0x0800170f   Thumb Code     6  stm32f4xx_tim.o(.text)
    TIM_UpdateDisableConfig                  0x08001715   Thumb Code    24  stm32f4xx_tim.o(.text)
    TIM_UpdateRequestConfig                  0x0800172d   Thumb Code    24  stm32f4xx_tim.o(.text)
    TIM_ARRPreloadConfig                     0x08001745   Thumb Code    24  stm32f4xx_tim.o(.text)
    TIM_SelectOnePulseMode                   0x0800175d   Thumb Code    18  stm32f4xx_tim.o(.text)
    TIM_SetClockDivision                     0x0800176f   Thumb Code    18  stm32f4xx_tim.o(.text)
    TIM_Cmd                                  0x08001781   Thumb Code    24  stm32f4xx_tim.o(.text)
    TIM_OC1Init                              0x08001799   Thumb Code   114  stm32f4xx_tim.o(.text)
    TIM_OC2Init                              0x0800180b   Thumb Code   154  stm32f4xx_tim.o(.text)
    TIM_OC3Init                              0x080018a5   Thumb Code   204  stm32f4xx_tim.o(.text)
    TIM_OC4Init                              0x08001971   Thumb Code   112  stm32f4xx_tim.o(.text)
    TIM_OCStructInit                         0x080019e1   Thumb Code    20  stm32f4xx_tim.o(.text)
    TIM_SelectOCxM                           0x080019f5   Thumb Code    86  stm32f4xx_tim.o(.text)
    TIM_SetCompare1                          0x08001a4b   Thumb Code     4  stm32f4xx_tim.o(.text)
    TIM_SetCompare2                          0x08001a4f   Thumb Code     4  stm32f4xx_tim.o(.text)
    TIM_SetCompare3                          0x08001a53   Thumb Code     4  stm32f4xx_tim.o(.text)
    TIM_SetCompare4                          0x08001a57   Thumb Code     4  stm32f4xx_tim.o(.text)
    TIM_ForcedOC1Config                      0x08001a5b   Thumb Code    18  stm32f4xx_tim.o(.text)
    TIM_ForcedOC2Config                      0x08001a6d   Thumb Code    26  stm32f4xx_tim.o(.text)
    TIM_ForcedOC3Config                      0x08001a87   Thumb Code    18  stm32f4xx_tim.o(.text)
    TIM_ForcedOC4Config                      0x08001a99   Thumb Code    26  stm32f4xx_tim.o(.text)
    TIM_OC1PreloadConfig                     0x08001ab3   Thumb Code    18  stm32f4xx_tim.o(.text)
    TIM_OC2PreloadConfig                     0x08001ac5   Thumb Code    26  stm32f4xx_tim.o(.text)
    TIM_OC3PreloadConfig                     0x08001adf   Thumb Code    18  stm32f4xx_tim.o(.text)
    TIM_OC4PreloadConfig                     0x08001af1   Thumb Code    26  stm32f4xx_tim.o(.text)
    TIM_OC1FastConfig                        0x08001b0b   Thumb Code    18  stm32f4xx_tim.o(.text)
    TIM_OC2FastConfig                        0x08001b1d   Thumb Code    26  stm32f4xx_tim.o(.text)
    TIM_OC3FastConfig                        0x08001b37   Thumb Code    18  stm32f4xx_tim.o(.text)
    TIM_OC4FastConfig                        0x08001b49   Thumb Code    26  stm32f4xx_tim.o(.text)
    TIM_ClearOC1Ref                          0x08001b63   Thumb Code    18  stm32f4xx_tim.o(.text)
    TIM_ClearOC2Ref                          0x08001b75   Thumb Code    24  stm32f4xx_tim.o(.text)
    TIM_ClearOC3Ref                          0x08001b8d   Thumb Code    18  stm32f4xx_tim.o(.text)
    TIM_ClearOC4Ref                          0x08001b9f   Thumb Code    24  stm32f4xx_tim.o(.text)
    TIM_OC1PolarityConfig                    0x08001bb7   Thumb Code    18  stm32f4xx_tim.o(.text)
    TIM_OC1NPolarityConfig                   0x08001bc9   Thumb Code    18  stm32f4xx_tim.o(.text)
    TIM_OC2PolarityConfig                    0x08001bdb   Thumb Code    26  stm32f4xx_tim.o(.text)
    TIM_OC2NPolarityConfig                   0x08001bf5   Thumb Code    26  stm32f4xx_tim.o(.text)
    TIM_OC3PolarityConfig                    0x08001c0f   Thumb Code    26  stm32f4xx_tim.o(.text)
    TIM_OC3NPolarityConfig                   0x08001c29   Thumb Code    26  stm32f4xx_tim.o(.text)
    TIM_OC4PolarityConfig                    0x08001c43   Thumb Code    26  stm32f4xx_tim.o(.text)
    TIM_CCxCmd                               0x08001c5d   Thumb Code    30  stm32f4xx_tim.o(.text)
    TIM_CCxNCmd                              0x08001c7b   Thumb Code    30  stm32f4xx_tim.o(.text)
    TIM_SetIC4Prescaler                      0x08001c99   Thumb Code    26  stm32f4xx_tim.o(.text)
    TIM_SetIC3Prescaler                      0x08001d03   Thumb Code    18  stm32f4xx_tim.o(.text)
    TIM_SetIC2Prescaler                      0x08001d5d   Thumb Code    26  stm32f4xx_tim.o(.text)
    TIM_SetIC1Prescaler                      0x08001dd1   Thumb Code    18  stm32f4xx_tim.o(.text)
    TIM_ICInit                               0x08001e1d   Thumb Code   110  stm32f4xx_tim.o(.text)
    TIM_ICStructInit                         0x08001e8b   Thumb Code    18  stm32f4xx_tim.o(.text)
    TIM_PWMIConfig                           0x08001e9d   Thumb Code   124  stm32f4xx_tim.o(.text)
    TIM_GetCapture1                          0x08001f19   Thumb Code     6  stm32f4xx_tim.o(.text)
    TIM_GetCapture2                          0x08001f1f   Thumb Code     6  stm32f4xx_tim.o(.text)
    TIM_GetCapture3                          0x08001f25   Thumb Code     6  stm32f4xx_tim.o(.text)
    TIM_GetCapture4                          0x08001f2b   Thumb Code     6  stm32f4xx_tim.o(.text)
    TIM_BDTRConfig                           0x08001f31   Thumb Code    32  stm32f4xx_tim.o(.text)
    TIM_BDTRStructInit                       0x08001f51   Thumb Code    18  stm32f4xx_tim.o(.text)
    TIM_CtrlPWMOutputs                       0x08001f63   Thumb Code    30  stm32f4xx_tim.o(.text)
    TIM_SelectCOM                            0x08001f81   Thumb Code    24  stm32f4xx_tim.o(.text)
    TIM_CCPreloadControl                     0x08001f99   Thumb Code    24  stm32f4xx_tim.o(.text)
    TIM_ITConfig                             0x08001fb1   Thumb Code    18  stm32f4xx_tim.o(.text)
    TIM_GenerateEvent                        0x08001fc3   Thumb Code     4  stm32f4xx_tim.o(.text)
    TIM_GetFlagStatus                        0x08001fc7   Thumb Code    18  stm32f4xx_tim.o(.text)
    TIM_ClearFlag                            0x08001fd9   Thumb Code     6  stm32f4xx_tim.o(.text)
    TIM_GetITStatus                          0x08001fdf   Thumb Code    34  stm32f4xx_tim.o(.text)
    TIM_ClearITPendingBit                    0x08002001   Thumb Code     6  stm32f4xx_tim.o(.text)
    TIM_DMAConfig                            0x08002007   Thumb Code    10  stm32f4xx_tim.o(.text)
    TIM_DMACmd                               0x08002011   Thumb Code    18  stm32f4xx_tim.o(.text)
    TIM_SelectCCDMA                          0x08002023   Thumb Code    24  stm32f4xx_tim.o(.text)
    TIM_InternalClockConfig                  0x0800203b   Thumb Code    12  stm32f4xx_tim.o(.text)
    TIM_SelectInputTrigger                   0x08002047   Thumb Code    18  stm32f4xx_tim.o(.text)
    TIM_ITRxExternalClockConfig              0x08002059   Thumb Code    24  stm32f4xx_tim.o(.text)
    TIM_TIxExternalClockConfig               0x08002071   Thumb Code    62  stm32f4xx_tim.o(.text)
    TIM_ETRConfig                            0x080020af   Thumb Code    28  stm32f4xx_tim.o(.text)
    TIM_ETRClockMode1Config                  0x080020cb   Thumb Code    54  stm32f4xx_tim.o(.text)
    TIM_ETRClockMode2Config                  0x08002101   Thumb Code    32  stm32f4xx_tim.o(.text)
    TIM_SelectOutputTrigger                  0x08002121   Thumb Code    18  stm32f4xx_tim.o(.text)
    TIM_SelectSlaveMode                      0x08002133   Thumb Code    18  stm32f4xx_tim.o(.text)
    TIM_SelectMasterSlaveMode                0x08002145   Thumb Code    18  stm32f4xx_tim.o(.text)
    TIM_EncoderInterfaceConfig               0x08002157   Thumb Code    66  stm32f4xx_tim.o(.text)
    TIM_SelectHallSensor                     0x08002199   Thumb Code    24  stm32f4xx_tim.o(.text)
    TIM_RemapConfig                          0x080021b1   Thumb Code     6  stm32f4xx_tim.o(.text)
    USART_DeInit                             0x080021b9   Thumb Code   206  stm32f4xx_usart.o(.text)
    USART_Init                               0x08002287   Thumb Code   204  stm32f4xx_usart.o(.text)
    USART_StructInit                         0x08002353   Thumb Code    24  stm32f4xx_usart.o(.text)
    USART_ClockInit                          0x0800236b   Thumb Code    32  stm32f4xx_usart.o(.text)
    USART_ClockStructInit                    0x0800238b   Thumb Code    12  stm32f4xx_usart.o(.text)
    USART_Cmd                                0x08002397   Thumb Code    24  stm32f4xx_usart.o(.text)
    USART_SetPrescaler                       0x080023af   Thumb Code    16  stm32f4xx_usart.o(.text)
    USART_OverSampling8Cmd                   0x080023bf   Thumb Code    22  stm32f4xx_usart.o(.text)
    USART_OneBitMethodCmd                    0x080023d5   Thumb Code    24  stm32f4xx_usart.o(.text)
    USART_SendData                           0x080023ed   Thumb Code     8  stm32f4xx_usart.o(.text)
    USART_ReceiveData                        0x080023f5   Thumb Code    10  stm32f4xx_usart.o(.text)
    USART_SetAddress                         0x080023ff   Thumb Code    18  stm32f4xx_usart.o(.text)
    USART_ReceiverWakeUpCmd                  0x08002411   Thumb Code    24  stm32f4xx_usart.o(.text)
    USART_WakeUpConfig                       0x08002429   Thumb Code    18  stm32f4xx_usart.o(.text)
    USART_LINBreakDetectLengthConfig         0x0800243b   Thumb Code    18  stm32f4xx_usart.o(.text)
    USART_LINCmd                             0x0800244d   Thumb Code    24  stm32f4xx_usart.o(.text)
    USART_SendBreak                          0x08002465   Thumb Code    10  stm32f4xx_usart.o(.text)
    USART_HalfDuplexCmd                      0x0800246f   Thumb Code    24  stm32f4xx_usart.o(.text)
    USART_SetGuardTime                       0x08002487   Thumb Code    16  stm32f4xx_usart.o(.text)
    USART_SmartCardCmd                       0x08002497   Thumb Code    24  stm32f4xx_usart.o(.text)
    USART_SmartCardNACKCmd                   0x080024af   Thumb Code    24  stm32f4xx_usart.o(.text)
    USART_IrDAConfig                         0x080024c7   Thumb Code    18  stm32f4xx_usart.o(.text)
    USART_IrDACmd                            0x080024d9   Thumb Code    24  stm32f4xx_usart.o(.text)
    USART_DMACmd                             0x080024f1   Thumb Code    18  stm32f4xx_usart.o(.text)
    USART_ITConfig                           0x08002503   Thumb Code    74  stm32f4xx_usart.o(.text)
    USART_GetFlagStatus                      0x0800254d   Thumb Code    26  stm32f4xx_usart.o(.text)
    USART_ClearFlag                          0x08002567   Thumb Code    18  stm32f4xx_usart.o(.text)
    USART_GetITStatus                        0x08002579   Thumb Code   118  stm32f4xx_usart.o(.text)
    USART_ClearITPendingBit                  0x080025ef   Thumb Code    30  stm32f4xx_usart.o(.text)
    delay_init                               0x0800260d   Thumb Code    52  delay.o(.text)
    delay_us                                 0x08002641   Thumb Code    72  delay.o(.text)
    delay_xms                                0x08002689   Thumb Code    72  delay.o(.text)
    delay_ms                                 0x080026d1   Thumb Code    56  delay.o(.text)
    _sys_exit                                0x08002711   Thumb Code     6  usart.o(.text)
    fputc                                    0x08002717   Thumb Code    22  usart.o(.text)
    uart_init                                0x0800272d   Thumb Code   164  usart.o(.text)
    USART1_IRQHandler                        0x080027d1   Thumb Code   122  usart.o(.text)
    OLED_WR_Byte                             0x0800285d   Thumb Code   106  oled.o(.text)
    OLED_DLY_ms                              0x080028c7   Thumb Code    24  oled.o(.text)
    OLED_WrDat                               0x080028df   Thumb Code    96  oled.o(.text)
    OLED_WrCmd                               0x0800293f   Thumb Code    92  oled.o(.text)
    OLED_Fill                                0x0800299b   Thumb Code    58  oled.o(.text)
    OLED_Init                                0x080029d5   Thumb Code   320  oled.o(.text)
    OLED_Set_Pos                             0x08002b15   Thumb Code    36  oled.o(.text)
    OLED_CLS                                 0x08002b39   Thumb Code    56  oled.o(.text)
    adjust                                   0x08002b71   Thumb Code    12  oled.o(.text)
    SetStartColumn                           0x08002b7d   Thumb Code    44  oled.o(.text)
    SetAddressingMode                        0x08002ba9   Thumb Code    18  oled.o(.text)
    SetColumnAddress                         0x08002bbb   Thumb Code    26  oled.o(.text)
    SetPageAddress                           0x08002bd5   Thumb Code    26  oled.o(.text)
    SetStartLine                             0x08002bef   Thumb Code    14  oled.o(.text)
    SetContrastControl                       0x08002bfd   Thumb Code    18  oled.o(.text)
    Set_Charge_Pump                          0x08002c0f   Thumb Code    20  oled.o(.text)
    Set_Segment_Remap                        0x08002c23   Thumb Code    14  oled.o(.text)
    Set_Entire_Display                       0x08002c31   Thumb Code    14  oled.o(.text)
    Set_Inverse_Display                      0x08002c3f   Thumb Code    26  oled.o(.text)
    Set_Multiplex_Ratio                      0x08002c59   Thumb Code    18  oled.o(.text)
    Set_Display_On_Off                       0x08002c6b   Thumb Code    14  oled.o(.text)
    SetStartPage                             0x08002c79   Thumb Code    14  oled.o(.text)
    Set_Common_Remap                         0x08002c87   Thumb Code    14  oled.o(.text)
    Set_Display_Offset                       0x08002c95   Thumb Code    18  oled.o(.text)
    Set_Display_Clock                        0x08002ca7   Thumb Code    18  oled.o(.text)
    Set_Precharge_Period                     0x08002cb9   Thumb Code    18  oled.o(.text)
    Set_Common_Config                        0x08002ccb   Thumb Code    20  oled.o(.text)
    Set_VCOMH                                0x08002cdf   Thumb Code    18  oled.o(.text)
    Set_NOP                                  0x08002cf1   Thumb Code    10  oled.o(.text)
    OLED_P6x8Str                             0x08002cfb   Thumb Code    96  oled.o(.text)
    OLED_P8x16Str                            0x08002d5b   Thumb Code   130  oled.o(.text)
    OLED_P14x16Str                           0x08002ddd   Thumb Code   246  oled.o(.text)
    OLED_Print                               0x08002ed3   Thumb Code   100  oled.o(.text)
    Dis_Char                                 0x08002f37   Thumb Code    34  oled.o(.text)
    Dis_String                               0x08002f59   Thumb Code   104  oled.o(.text)
    Dis_Num                                  0x08002fc1   Thumb Code   160  oled.o(.text)
    Dis_Float                                0x08003061   Thumb Code   492  oled.o(.text)
    Dis_Float2                               0x0800324d   Thumb Code   376  oled.o(.text)
    Draw_Logo                                0x080033c5   Thumb Code    50  oled.o(.text)
    OLED_P8x16Num_8bit                       0x080033f7   Thumb Code    60  oled.o(.text)
    OLED_P6x8Num_8bit                        0x08003433   Thumb Code    60  oled.o(.text)
    OLED_Num                                 0x0800346f   Thumb Code    60  oled.o(.text)
    OLED_2num                                0x080034ab   Thumb Code    58  oled.o(.text)
    OLED_3num                                0x080034e5   Thumb Code    84  oled.o(.text)
    OLED_4num                                0x08003539   Thumb Code   134  oled.o(.text)
    OLED_Num5                                0x080035bf   Thumb Code   152  oled.o(.text)
    OLED_WR_Byte1                            0x08003657   Thumb Code    96  oled.o(.text)
    OLED_Clear1                              0x080036b7   Thumb Code    64  oled.o(.text)
    OLED_Set_Pos1                            0x080036f7   Thumb Code    46  oled.o(.text)
    OLED_ShowChar1                           0x08003725   Thumb Code   102  oled.o(.text)
    OLED_ShowString1                         0x0800378b   Thumb Code    78  oled.o(.text)
    OLED_ShowCHinese1                        0x080037d9   Thumb Code    88  oled.o(.text)
    display_page1                            0x08003831   Thumb Code   226  oled.o(.text)
    display_page2                            0x08003913   Thumb Code   216  oled.o(.text)
    display_page3                            0x080039eb   Thumb Code   216  oled.o(.text)
    display_page4                            0x08003ac3   Thumb Code   216  oled.o(.text)
    TIM6_Int_Init                            0x08003bd5   Thumb Code    86  timer.o(.text)
    TIM7_Int_Init                            0x08003c2b   Thumb Code    88  timer.o(.text)
    TIM14_PWM_Init                           0x08003c83   Thumb Code   152  timer.o(.text)
    TIM13_PWM_Init                           0x08003d1b   Thumb Code   152  timer.o(.text)
    TIM9_CH1_PWM_Init                        0x08003db3   Thumb Code   150  timer.o(.text)
    TIM9_CH2_PWM_Init                        0x08003e49   Thumb Code   150  timer.o(.text)
    guaiwan                                  0x08003edf   Thumb Code   218  timer.o(.text)
    houguaiwan                               0x08003fb9   Thumb Code   238  timer.o(.text)
    zuolun                                   0x080040a7   Thumb Code    92  timer.o(.text)
    youlun                                   0x08004103   Thumb Code    92  timer.o(.text)
    qiankuaixun                              0x0800415f   Thumb Code   624  timer.o(.text)
    qianmanxun                               0x080043cf   Thumb Code  1986  timer.o(.text)
    qianchaomanxun                           0x08004b91   Thumb Code  2148  timer.o(.text)
    houkuaixun                               0x080053f5   Thumb Code   616  timer.o(.text)
    houmanxun                                0x0800565d   Thumb Code   562  timer.o(.text)
    houchaomanxun                            0x0800588f   Thumb Code  1214  timer.o(.text)
    jixianxun                                0x08005d4d   Thumb Code   742  timer.o(.text)
    jixianxun1                               0x08006033   Thumb Code  1994  timer.o(.text)
    houjixianxun                             0x080067fd   Thumb Code  1144  timer.o(.text)
    xianshi                                  0x08006c75   Thumb Code   454  timer.o(.text)
    youguai                                  0x08006e3b   Thumb Code    30  timer.o(.text)
    xiaoyouguai                              0x08006e59   Thumb Code    30  timer.o(.text)
    xiaozuoguai                              0x08006e77   Thumb Code    28  timer.o(.text)
    zuoguai                                  0x08006e93   Thumb Code    28  timer.o(.text)
    shache                                   0x08006eaf   Thumb Code    28  timer.o(.text)
    qianjin                                  0x08006ecb   Thumb Code    32  timer.o(.text)
    ting                                     0x08006eeb   Thumb Code    34  timer.o(.text)
    zhunbei                                  0x08006f0d   Thumb Code   474  timer.o(.text)
    xiaoqianjin                              0x080070e7   Thumb Code    26  timer.o(.text)
    xiaohoutui                               0x08007101   Thumb Code    28  timer.o(.text)
    houtui                                   0x0800711d   Thumb Code    28  timer.o(.text)
    jiaodu                                   0x08007139   Thumb Code    20  timer.o(.text)
    chushihua                                0x0800714d   Thumb Code   166  timer.o(.text)
    SendData                                 0x080071f3   Thumb Code   110  timer.o(.text)
    laba                                     0x08007261   Thumb Code    52  timer.o(.text)
    LED_Init                                 0x080072ad   Thumb Code   112  gpio.o(.text)
    chaosheng_Init                           0x0800731d   Thumb Code    82  gpio.o(.text)
    Adc3_Init                                0x08007381   Thumb Code   266  adc.o(.text)
    Get_Adc3                                 0x0800748b   Thumb Code    44  adc.o(.text)
    Adc1_Init                                0x080074b7   Thumb Code    92  adc.o(.text)
    Get_Adc1                                 0x08007513   Thumb Code    44  adc.o(.text)
    Encoder_Configuration                    0x08007559   Thumb Code   204  bianmaqi.o(.text)
    huidu_init                               0x08007639   Thumb Code   122  huidu.o(.text)
    chafang1                                 0x080076b3   Thumb Code 11832  huidu.o(.text)
    chafang2                                 0x0800a4eb   Thumb Code 11712  huidu.o(.text)
    TIM1_PWM_Init                            0x0800d2c1   Thumb Code   186  duoji.o(.text)
    TIM8_PWM_Init                            0x0800d37b   Thumb Code   184  duoji.o(.text)
    duoji1                                   0x0800d433   Thumb Code    18  duoji.o(.text)
    duoji2                                   0x0800d445   Thumb Code    18  duoji.o(.text)
    duoji4                                   0x0800d457   Thumb Code    18  duoji.o(.text)
    duoji3                                   0x0800d469   Thumb Code    18  duoji.o(.text)
    gaoju                                    0x0800d47b   Thumb Code   112  duoji.o(.text)
    shunazhunbei                             0x0800d4eb   Thumb Code    84  duoji.o(.text)
    shuna                                    0x0800d53f   Thumb Code    94  duoji.o(.text)
    fang                                     0x0800d59d   Thumb Code    28  duoji.o(.text)
    shufang                                  0x0800d5b9   Thumb Code   154  duoji.o(.text)
    shuipingshufangzhunbei                   0x0800d653   Thumb Code   134  duoji.o(.text)
    shuipingshufang                          0x0800d6d9   Thumb Code    94  duoji.o(.text)
    hengna                                   0x0800d737   Thumb Code    32  duoji.o(.text)
    hengfang                                 0x0800d757   Thumb Code    36  duoji.o(.text)
    jiance                                   0x0800d77d   Thumb Code   506  moni.o(.text)
    houjiance                                0x0800d977   Thumb Code   490  moni.o(.text)
    ceju                                     0x0800db81   Thumb Code   262  chaoshengbo.o(.text)
    IIC_Init                                 0x0800dcbd   Thumb Code    62  myiic.o(.text)
    IIC_Start                                0x0800dcfb   Thumb Code    68  myiic.o(.text)
    IIC_Stop                                 0x0800dd3f   Thumb Code    62  myiic.o(.text)
    IIC_Wait_Ack                             0x0800dd7d   Thumb Code    82  myiic.o(.text)
    IIC_Ack                                  0x0800ddcf   Thumb Code    66  myiic.o(.text)
    IIC_NAck                                 0x0800de11   Thumb Code    66  myiic.o(.text)
    IIC_Send_Byte                            0x0800de53   Thumb Code    90  myiic.o(.text)
    IIC_Read_Byte                            0x0800dead   Thumb Code    94  myiic.o(.text)
    mpu_reg_dump                             0x0800dfa3   Thumb Code    84  inv_mpu.o(.text)
    mpu_read_reg                             0x0800dff7   Thumb Code    66  inv_mpu.o(.text)
    mpu_set_int_latched                      0x0800e039   Thumb Code   102  inv_mpu.o(.text)
    mpu_set_sensors                          0x0800e09f   Thumb Code   202  inv_mpu.o(.text)
    mpu_set_bypass                           0x0800e169   Thumb Code   328  inv_mpu.o(.text)
    mpu_reset_fifo                           0x0800e2b1   Thumb Code   472  inv_mpu.o(.text)
    mpu_configure_fifo                       0x0800e489   Thumb Code   106  inv_mpu.o(.text)
    mpu_set_lpf                              0x0800e4f3   Thumb Code   126  inv_mpu.o(.text)
    mpu_lp_accel_mode                        0x0800e571   Thumb Code   218  inv_mpu.o(.text)
    mpu_set_sample_rate                      0x0800e64b   Thumb Code   152  inv_mpu.o(.text)
    mpu_set_accel_fsr                        0x0800e6e3   Thumb Code   132  inv_mpu.o(.text)
    mpu_set_gyro_fsr                         0x0800e767   Thumb Code   132  inv_mpu.o(.text)
    mpu_init                                 0x0800e7eb   Thumb Code   416  inv_mpu.o(.text)
    mget_ms                                  0x0800e98b   Thumb Code     2  inv_mpu.o(.text)
    mpu_get_gyro_reg                         0x0800e98d   Thumb Code   110  inv_mpu.o(.text)
    mpu_get_accel_reg                        0x0800e9fb   Thumb Code   110  inv_mpu.o(.text)
    mpu_get_temperature                      0x0800ea69   Thumb Code   142  inv_mpu.o(.text)
    mpu_set_accel_bias                       0x0800eaf7   Thumb Code   472  inv_mpu.o(.text)
    mpu_get_gyro_fsr                         0x0800eccf   Thumb Code    64  inv_mpu.o(.text)
    mpu_get_accel_fsr                        0x0800ed0f   Thumb Code    72  inv_mpu.o(.text)
    mpu_get_lpf                              0x0800ed57   Thumb Code    74  inv_mpu.o(.text)
    mpu_get_sample_rate                      0x0800eda1   Thumb Code    26  inv_mpu.o(.text)
    mpu_get_compass_sample_rate              0x0800edbb   Thumb Code    10  inv_mpu.o(.text)
    mpu_set_compass_sample_rate              0x0800edc5   Thumb Code     8  inv_mpu.o(.text)
    mpu_get_gyro_sens                        0x0800edcd   Thumb Code    74  inv_mpu.o(.text)
    mpu_get_accel_sens                       0x0800ee17   Thumb Code    78  inv_mpu.o(.text)
    mpu_get_fifo_config                      0x0800ee65   Thumb Code    12  inv_mpu.o(.text)
    mpu_get_power_state                      0x0800ee71   Thumb Code    22  inv_mpu.o(.text)
    mpu_get_int_status                       0x0800ee87   Thumb Code    64  inv_mpu.o(.text)
    mpu_read_fifo                            0x0800eec7   Thumb Code   520  inv_mpu.o(.text)
    mpu_read_fifo_stream                     0x0800f0cf   Thumb Code   186  inv_mpu.o(.text)
    mpu_set_int_level                        0x0800f189   Thumb Code    12  inv_mpu.o(.text)
    mpu_set_dmp_state                        0x0800f899   Thumb Code   138  inv_mpu.o(.text)
    mpu_run_self_test                        0x0800f923   Thumb Code   278  inv_mpu.o(.text)
    mpu_write_mem                            0x0800fa39   Thumb Code   122  inv_mpu.o(.text)
    mpu_read_mem                             0x0800fab3   Thumb Code   122  inv_mpu.o(.text)
    mpu_load_firmware                        0x0800fb2d   Thumb Code   190  inv_mpu.o(.text)
    mpu_get_dmp_state                        0x0800fbeb   Thumb Code    14  inv_mpu.o(.text)
    setup_compass                            0x0800fbf9   Thumb Code     6  inv_mpu.o(.text)
    mpu_get_compass_reg                      0x0800fbff   Thumb Code     8  inv_mpu.o(.text)
    mpu_get_compass_fsr                      0x0800fc07   Thumb Code     8  inv_mpu.o(.text)
    mpu_lp_motion_interrupt                  0x0800fc0f   Thumb Code   512  inv_mpu.o(.text)
    run_self_test                            0x0800fe0f   Thumb Code   154  inv_mpu.o(.text)
    inv_row_2_scale                          0x0800fea9   Thumb Code    78  inv_mpu.o(.text)
    inv_orientation_matrix_to_scalar         0x0800fef7   Thumb Code    40  inv_mpu.o(.text)
    mpu_dmp_init                             0x0800ff1f   Thumb Code   160  inv_mpu.o(.text)
    mpu_dmp_get_data                         0x0800ffbf   Thumb Code   520  inv_mpu.o(.text)
    dmp_load_motion_driver_firmware          0x080101d9   Thumb Code    20  inv_mpu_dmp_motion_driver.o(.text)
    dmp_set_orientation                      0x080101ed   Thumb Code   290  inv_mpu_dmp_motion_driver.o(.text)
    dmp_set_gyro_bias                        0x0801030f   Thumb Code   294  inv_mpu_dmp_motion_driver.o(.text)
    dmp_set_accel_bias                       0x08010435   Thumb Code   300  inv_mpu_dmp_motion_driver.o(.text)
    dmp_set_fifo_rate                        0x08010561   Thumb Code   136  inv_mpu_dmp_motion_driver.o(.text)
    dmp_get_fifo_rate                        0x080105e9   Thumb Code    12  inv_mpu_dmp_motion_driver.o(.text)
    dmp_set_tap_thresh                       0x080105f5   Thumb Code   412  inv_mpu_dmp_motion_driver.o(.text)
    dmp_set_tap_axes                         0x08010791   Thumb Code    70  inv_mpu_dmp_motion_driver.o(.text)
    dmp_set_tap_count                        0x080107d7   Thumb Code    38  inv_mpu_dmp_motion_driver.o(.text)
    dmp_set_tap_time                         0x080107fd   Thumb Code    38  inv_mpu_dmp_motion_driver.o(.text)
    dmp_set_tap_time_multi                   0x08010823   Thumb Code    38  inv_mpu_dmp_motion_driver.o(.text)
    dmp_set_shake_reject_thresh              0x08010849   Thumb Code    56  inv_mpu_dmp_motion_driver.o(.text)
    dmp_set_shake_reject_time                0x08010881   Thumb Code    38  inv_mpu_dmp_motion_driver.o(.text)
    dmp_set_shake_reject_timeout             0x080108a7   Thumb Code    38  inv_mpu_dmp_motion_driver.o(.text)
    dmp_get_pedometer_step_count             0x080108cd   Thumb Code    66  inv_mpu_dmp_motion_driver.o(.text)
    dmp_set_pedometer_step_count             0x0801090f   Thumb Code    42  inv_mpu_dmp_motion_driver.o(.text)
    dmp_get_pedometer_walk_time              0x08010939   Thumb Code    72  inv_mpu_dmp_motion_driver.o(.text)
    dmp_set_pedometer_walk_time              0x08010981   Thumb Code    48  inv_mpu_dmp_motion_driver.o(.text)
    dmp_enable_6x_lp_quat                    0x080109b1   Thumb Code   100  inv_mpu_dmp_motion_driver.o(.text)
    dmp_enable_lp_quat                       0x08010a15   Thumb Code    60  inv_mpu_dmp_motion_driver.o(.text)
    dmp_enable_gyro_cal                      0x08010a51   Thumb Code    62  inv_mpu_dmp_motion_driver.o(.text)
    dmp_enable_feature                       0x08010a8f   Thumb Code   530  inv_mpu_dmp_motion_driver.o(.text)
    dmp_get_enabled_features                 0x08010ca1   Thumb Code    12  inv_mpu_dmp_motion_driver.o(.text)
    dmp_set_interrupt_mode                   0x08010d0b   Thumb Code    66  inv_mpu_dmp_motion_driver.o(.text)
    dmp_read_fifo                            0x08010d4d   Thumb Code   514  inv_mpu_dmp_motion_driver.o(.text)
    dmp_register_tap_cb                      0x08010f4f   Thumb Code    10  inv_mpu_dmp_motion_driver.o(.text)
    dmp_register_android_orient_cb           0x08010f59   Thumb Code    10  inv_mpu_dmp_motion_driver.o(.text)
    MPU_Write_Byte                           0x08010f69   Thumb Code    68  mpu6050.o(.text)
    MPU_Set_LPF                              0x08010fad   Thumb Code    58  mpu6050.o(.text)
    MPU_Set_Rate                             0x08010fe7   Thumb Code    58  mpu6050.o(.text)
    MPU_Read_Byte                            0x08011021   Thumb Code    58  mpu6050.o(.text)
    MPU_Set_Accel_Fsr                        0x0801105b   Thumb Code    16  mpu6050.o(.text)
    MPU_Set_Gyro_Fsr                         0x0801106b   Thumb Code    16  mpu6050.o(.text)
    MPU_Init                                 0x0801107b   Thumb Code   122  mpu6050.o(.text)
    MPU_Read_Len                             0x080110f5   Thumb Code   116  mpu6050.o(.text)
    MPU_Get_Temperature                      0x08011169   Thumb Code   110  mpu6050.o(.text)
    MPU_Get_Gyroscope                        0x080111d7   Thumb Code    80  mpu6050.o(.text)
    MPU_Get_Accelerometer                    0x08011227   Thumb Code    80  mpu6050.o(.text)
    MPU_Write_Len                            0x08011277   Thumb Code    96  mpu6050.o(.text)
    __use_no_semihosting                     0x080112ed   Thumb Code     2  use_no_semi_2.o(.text)
    __aeabi_ldivmod                          0x080112ef   Thumb Code     0  llsdiv.o(.text)
    _ll_sdiv                                 0x080112ef   Thumb Code    72  llsdiv.o(.text)
    __2printf                                0x08011339   Thumb Code    20  noretval__2printf.o(.text)
    _printf_pre_padding                      0x08011351   Thumb Code    44  _printf_pad.o(.text)
    _printf_post_padding                     0x0801137d   Thumb Code    34  _printf_pad.o(.text)
    _printf_int_dec                          0x080113a1   Thumb Code   104  _printf_dec.o(.text)
    _printf_int_hex                          0x08011419   Thumb Code    84  _printf_hex_int.o(.text)
    _printf_longlong_hex                     0x08011419   Thumb Code     0  _printf_hex_int.o(.text)
    __printf                                 0x08011471   Thumb Code   308  __printf_flags_wp.o(.text)
    memcmp                                   0x080115a9   Thumb Code    88  memcmp.o(.text)
    __aeabi_memset                           0x08011601   Thumb Code    16  aeabi_memset.o(.text)
    __use_two_region_memory                  0x08011611   Thumb Code     2  heapauxi.o(.text)
    __rt_heap_escrow$2region                 0x08011613   Thumb Code     2  heapauxi.o(.text)
    __rt_heap_expand$2region                 0x08011615   Thumb Code     2  heapauxi.o(.text)
    __I$use$semihosting                      0x08011617   Thumb Code     0  use_no_semi.o(.text)
    __use_no_semihosting_swi                 0x08011617   Thumb Code     2  use_no_semi.o(.text)
    __aeabi_uldivmod                         0x08011619   Thumb Code     0  lludivv7m.o(.text)
    _ll_udiv                                 0x08011619   Thumb Code   238  lludivv7m.o(.text)
    __read_errno                             0x08011707   Thumb Code    10  _rserrno.o(.text)
    __set_errno                              0x08011711   Thumb Code    12  _rserrno.o(.text)
    _printf_int_common                       0x0801171d   Thumb Code   178  _printf_intcommon.o(.text)
    _printf_char_file                        0x080117d1   Thumb Code    32  _printf_char_file.o(.text)
    __aeabi_memclr                           0x080117f5   Thumb Code     0  rt_memclr.o(.text)
    __rt_memclr                              0x080117f5   Thumb Code    68  rt_memclr.o(.text)
    _memset                                  0x080117f9   Thumb Code     0  rt_memclr.o(.text)
    __aeabi_errno_addr                       0x08011839   Thumb Code     8  rt_errno_addr_intlibspace.o(.text)
    __errno$intlibspace                      0x08011839   Thumb Code     0  rt_errno_addr_intlibspace.o(.text)
    __rt_errno_addr$intlibspace              0x08011839   Thumb Code     0  rt_errno_addr_intlibspace.o(.text)
    _printf_char_common                      0x0801184b   Thumb Code    32  _printf_char_common.o(.text)
    ferror                                   0x08011871   Thumb Code     8  ferror.o(.text)
    __aeabi_memclr4                          0x08011879   Thumb Code     0  rt_memclr_w.o(.text)
    __aeabi_memclr8                          0x08011879   Thumb Code     0  rt_memclr_w.o(.text)
    __rt_memclr_w                            0x08011879   Thumb Code    78  rt_memclr_w.o(.text)
    _memset_w                                0x0801187d   Thumb Code     0  rt_memclr_w.o(.text)
    __user_libspace                          0x080118c9   Thumb Code     8  libspace.o(.text)
    __user_perproc_libspace                  0x080118c9   Thumb Code     0  libspace.o(.text)
    __user_perthread_libspace                0x080118c9   Thumb Code     0  libspace.o(.text)
    __user_setup_stackheap                   0x080118d1   Thumb Code    74  sys_stackheap_outer.o(.text)
    exit                                     0x0801191b   Thumb Code    18  exit.o(.text)
    __ARM_fpclassify                         0x0801192d   Thumb Code    48  fpclassify.o(i.__ARM_fpclassify)
    __hardfp_asin                            0x08011961   Thumb Code   770  asin.o(i.__hardfp_asin)
    __hardfp_atan                            0x08011cc1   Thumb Code   622  atan.o(i.__hardfp_atan)
    __hardfp_atan2                           0x08011f99   Thumb Code   432  atan2.o(i.__hardfp_atan2)
    __hardfp_fabs                            0x08012189   Thumb Code    20  fabs.o(i.__hardfp_fabs)
    __kernel_poly                            0x0801219d   Thumb Code   248  poly.o(i.__kernel_poly)
    __mathlib_dbl_infnan                     0x08012295   Thumb Code    20  dunder.o(i.__mathlib_dbl_infnan)
    __mathlib_dbl_infnan2                    0x080122a9   Thumb Code    20  dunder.o(i.__mathlib_dbl_infnan2)
    __mathlib_dbl_invalid                    0x080122c1   Thumb Code    24  dunder.o(i.__mathlib_dbl_invalid)
    __mathlib_dbl_underflow                  0x080122e1   Thumb Code    24  dunder.o(i.__mathlib_dbl_underflow)
    _is_digit                                0x08012301   Thumb Code    14  __printf_wp.o(i._is_digit)
    atan                                     0x0801230f   Thumb Code    16  atan.o(i.atan)
    fabs                                     0x0801231f   Thumb Code    24  fabs.o(i.fabs)
    sqrt                                     0x08012337   Thumb Code   110  sqrt.o(i.sqrt)
    __aeabi_dneg                             0x080123a5   Thumb Code     0  basic.o(x$fpl$basic)
    _dneg                                    0x080123a5   Thumb Code     6  basic.o(x$fpl$basic)
    __aeabi_fneg                             0x080123ab   Thumb Code     0  basic.o(x$fpl$basic)
    _fneg                                    0x080123ab   Thumb Code     6  basic.o(x$fpl$basic)
    _dabs                                    0x080123b1   Thumb Code     6  basic.o(x$fpl$basic)
    _fabs                                    0x080123b7   Thumb Code     6  basic.o(x$fpl$basic)
    __aeabi_d2f                              0x080123bd   Thumb Code     0  d2f.o(x$fpl$d2f)
    _d2f                                     0x080123bd   Thumb Code    98  d2f.o(x$fpl$d2f)
    __aeabi_dadd                             0x08012421   Thumb Code     0  daddsub_clz.o(x$fpl$dadd)
    _dadd                                    0x08012421   Thumb Code   332  daddsub_clz.o(x$fpl$dadd)
    __fpl_dcmp_Inf                           0x08012571   Thumb Code    24  dcmpi.o(x$fpl$dcmpinf)
    __aeabi_ddiv                             0x08012589   Thumb Code     0  ddiv.o(x$fpl$ddiv)
    _ddiv                                    0x08012589   Thumb Code   552  ddiv.o(x$fpl$ddiv)
    __aeabi_d2iz                             0x08012839   Thumb Code     0  dfix.o(x$fpl$dfix)
    _dfix                                    0x08012839   Thumb Code    94  dfix.o(x$fpl$dfix)
    __aeabi_d2uiz                            0x08012899   Thumb Code     0  dfixu.o(x$fpl$dfixu)
    _dfixu                                   0x08012899   Thumb Code    90  dfixu.o(x$fpl$dfixu)
    __aeabi_i2d                              0x080128f3   Thumb Code     0  dflt_clz.o(x$fpl$dflt)
    _dflt                                    0x080128f3   Thumb Code    46  dflt_clz.o(x$fpl$dflt)
    __aeabi_ui2d                             0x08012921   Thumb Code     0  dflt_clz.o(x$fpl$dfltu)
    _dfltu                                   0x08012921   Thumb Code    38  dflt_clz.o(x$fpl$dfltu)
    __aeabi_cdcmple                          0x08012949   Thumb Code     0  dleqf.o(x$fpl$dleqf)
    _dcmple                                  0x08012949   Thumb Code   120  dleqf.o(x$fpl$dleqf)
    __fpl_dcmple_InfNaN                      0x080129ab   Thumb Code     0  dleqf.o(x$fpl$dleqf)
    __aeabi_dmul                             0x080129c1   Thumb Code     0  dmul.o(x$fpl$dmul)
    _dmul                                    0x080129c1   Thumb Code   332  dmul.o(x$fpl$dmul)
    __fpl_dnaninf                            0x08012b15   Thumb Code   156  dnaninf.o(x$fpl$dnaninf)
    __fpl_dretinf                            0x08012bb1   Thumb Code    12  dretinf.o(x$fpl$dretinf)
    __aeabi_cdrcmple                         0x08012bbd   Thumb Code     0  drleqf.o(x$fpl$drleqf)
    _drcmple                                 0x08012bbd   Thumb Code   108  drleqf.o(x$fpl$drleqf)
    __aeabi_drsub                            0x08012c29   Thumb Code     0  daddsub_clz.o(x$fpl$drsb)
    _drsb                                    0x08012c29   Thumb Code    22  daddsub_clz.o(x$fpl$drsb)
    _dsqrt                                   0x08012c41   Thumb Code   404  dsqrt_umaal.o(x$fpl$dsqrt)
    __aeabi_dsub                             0x08012dd9   Thumb Code     0  daddsub_clz.o(x$fpl$dsub)
    _dsub                                    0x08012dd9   Thumb Code   464  daddsub_clz.o(x$fpl$dsub)
    __aeabi_f2d                              0x08012fad   Thumb Code     0  f2d.o(x$fpl$f2d)
    _f2d                                     0x08012fad   Thumb Code    86  f2d.o(x$fpl$f2d)
    __fpl_fnaninf                            0x08013003   Thumb Code   140  fnaninf.o(x$fpl$fnaninf)
    _fp_init                                 0x0801308f   Thumb Code    10  fpinit.o(x$fpl$fpinit)
    __fplib_config_fpu_vfp                   0x08013097   Thumb Code     0  fpinit.o(x$fpl$fpinit)
    __fplib_config_pureend_doubles           0x08013097   Thumb Code     0  fpinit.o(x$fpl$fpinit)
    __fpl_fretinf                            0x08013099   Thumb Code    10  fretinf.o(x$fpl$fretinf)
    F6x8                                     0x080130a2   Data         552  oled.o(.constdata)
    __I$use$fp                               0x080130a2   Number         0  usenofp.o(x$fpl$usenofp)
    F14x16_Idx                               0x080132ca   Data          17  oled.o(.constdata)
    F14x16                                   0x080132db   Data         224  oled.o(.constdata)
    F8X16                                    0x080133bb   Data        1520  oled.o(.constdata)
    LOGO128x64                               0x080139ab   Data        1024  oled.o(.constdata)
    Hzk                                      0x08013dab   Data         512  oled.o(.constdata)
    reg                                      0x08013fac   Data          27  inv_mpu.o(.constdata)
    hw                                       0x08013fc8   Data          12  inv_mpu.o(.constdata)
    test                                     0x08013fd4   Data          40  inv_mpu.o(.constdata)
    __mathlib_zero                           0x08014d18   Data           8  qnan.o(.constdata)
    Region$$Table$$Base                      0x08014d70   Number         0  anon$$obj.o(Region$$Table)
    Region$$Table$$Limit                     0x08014d90   Number         0  anon$$obj.o(Region$$Table)
    flag                                     0x20000000   Data           4  main.o(.data)
    e                                        0x20000004   Data           4  main.o(.data)
    sum                                      0x20000008   Data           8  main.o(.data)
    s                                        0x20000010   Data           8  main.o(.data)
    sa                                       0x20000018   Data           8  main.o(.data)
    var                                      0x20000020   Data           2  main.o(.data)
    speed1                                   0x20000024   Data           4  main.o(.data)
    speed2                                   0x20000028   Data           4  main.o(.data)
    speed3                                   0x2000002c   Data           4  main.o(.data)
    speed4                                   0x20000030   Data           4  main.o(.data)
    flag1                                    0x20000034   Data           4  main.o(.data)
    flag2                                    0x20000038   Data           4  main.o(.data)
    flag3                                    0x2000003c   Data           4  main.o(.data)
    flag4                                    0x20000040   Data           4  main.o(.data)
    va                                       0x20000044   Data           4  main.o(.data)
    vb                                       0x20000048   Data           4  main.o(.data)
    vc                                       0x2000004c   Data           4  main.o(.data)
    vd                                       0x20000050   Data           4  main.o(.data)
    moshi                                    0x20000054   Data           4  main.o(.data)
    i                                        0x20000058   Data           4  main.o(.data)
    moni21                                   0x2000005c   Data           4  main.o(.data)
    moni22                                   0x20000060   Data           4  main.o(.data)
    moni23                                   0x20000064   Data           4  main.o(.data)
    moni24                                   0x20000068   Data           4  main.o(.data)
    moni25                                   0x2000006c   Data           4  main.o(.data)
    moni26                                   0x20000070   Data           4  main.o(.data)
    moni27                                   0x20000074   Data           4  main.o(.data)
    moni28                                   0x20000078   Data           4  main.o(.data)
    lm                                       0x2000007c   Data           4  main.o(.data)
    output1                                  0x20000080   Data           4  main.o(.data)
    output2                                  0x20000084   Data           4  main.o(.data)
    output3                                  0x20000088   Data           4  main.o(.data)
    output4                                  0x2000008c   Data           4  main.o(.data)
    pitch                                    0x20000090   Data           4  main.o(.data)
    roll                                     0x20000094   Data           4  main.o(.data)
    yaw                                      0x20000098   Data           4  main.o(.data)
    renwu1                                   0x2000009c   Data           4  main.o(.data)
    renwu2                                   0x200000a0   Data           4  main.o(.data)
    renwu3                                   0x200000a4   Data           4  main.o(.data)
    renwu4                                   0x200000a8   Data           4  main.o(.data)
    tansuo1                                  0x200000ac   Data           4  main.o(.data)
    tansuo2                                  0x200000b0   Data           4  main.o(.data)
    tansuo3                                  0x200000b4   Data           4  main.o(.data)
    tansuo4                                  0x200000b8   Data           4  main.o(.data)
    cha                                      0x200000bc   Data           4  main.o(.data)
    SystemCoreClock                          0x200000c0   Data           4  system_stm32f4xx.o(.data)
    AHBPrescTable                            0x200000c4   Data          16  system_stm32f4xx.o(.data)
    __stdout                                 0x200000e8   Data           4  usart.o(.data)
    USART_RX_STA                             0x200000ec   Data           2  usart.o(.data)
    tempI1                                   0x200000ee   Data           2  oled.o(.data)
    tempI2                                   0x200000f0   Data           2  oled.o(.data)
    tempI3                                   0x200000f2   Data           2  oled.o(.data)
    tempI4                                   0x200000f4   Data           2  oled.o(.data)
    tempV1                                   0x200000f6   Data           2  oled.o(.data)
    tempV2                                   0x200000f8   Data           2  oled.o(.data)
    tempV3                                   0x200000fa   Data           2  oled.o(.data)
    tempV4                                   0x200000fc   Data           2  oled.o(.data)
    USART_RX_BUF                             0x200001a4   Data         200  usart.o(.bss)
    __libspace_start                         0x2000027c   Data          96  libspace.o(.bss)
    __temporary_stack_top$libspace           0x200002dc   Data           0  libspace.o(.bss)



==============================================================================

Memory Map of the image

  Image Entry point : 0x08000189

  Load Region LR_IROM1 (Base: 0x08000000, Size: 0x00014f34, Max: 0x00100000, ABSOLUTE, COMPRESSED[0x00014dc4])

    Execution Region ER_IROM1 (Base: 0x08000000, Size: 0x00014d90, Max: 0x00100000, ABSOLUTE)

    Base Addr    Size         Type   Attr      Idx    E Section Name        Object

    0x08000000   0x00000188   Data   RO          350    RESET               startup_stm32f40_41xxx.o
    0x08000188   0x00000008   Code   RO         1377  * !!!main             c_w.l(__main.o)
    0x08000190   0x00000034   Code   RO         1696    !!!scatter          c_w.l(__scatter.o)
    0x080001c4   0x0000005a   Code   RO         1694    !!dczerorl2         c_w.l(__dczerorl2.o)
    0x0800021e   0x00000002   PAD
    0x08000220   0x0000001c   Code   RO         1698    !!handler_zi        c_w.l(__scatter_zi.o)
    0x0800023c   0x00000000   Code   RO         1368    .ARM.Collect$$_printf_percent$$00000000  c_w.l(_printf_percent.o)
    0x0800023c   0x00000006   Code   RO         1367    .ARM.Collect$$_printf_percent$$00000009  c_w.l(_printf_d.o)
    0x08000242   0x00000006   Code   RO         1366    .ARM.Collect$$_printf_percent$$0000000C  c_w.l(_printf_x.o)
    0x08000248   0x00000004   Code   RO         1458    .ARM.Collect$$_printf_percent$$00000017  c_w.l(_printf_percent_end.o)
    0x0800024c   0x00000002   Code   RO         1567    .ARM.Collect$$libinit$$00000000  c_w.l(libinit.o)
    0x0800024e   0x00000004   Code   RO         1574    .ARM.Collect$$libinit$$00000001  c_w.l(libinit2.o)
    0x08000252   0x00000000   Code   RO         1577    .ARM.Collect$$libinit$$00000004  c_w.l(libinit2.o)
    0x08000252   0x00000000   Code   RO         1580    .ARM.Collect$$libinit$$0000000A  c_w.l(libinit2.o)
    0x08000252   0x00000000   Code   RO         1582    .ARM.Collect$$libinit$$0000000C  c_w.l(libinit2.o)
    0x08000252   0x00000000   Code   RO         1584    .ARM.Collect$$libinit$$0000000E  c_w.l(libinit2.o)
    0x08000252   0x00000000   Code   RO         1587    .ARM.Collect$$libinit$$00000011  c_w.l(libinit2.o)
    0x08000252   0x00000000   Code   RO         1589    .ARM.Collect$$libinit$$00000013  c_w.l(libinit2.o)
    0x08000252   0x00000000   Code   RO         1591    .ARM.Collect$$libinit$$00000015  c_w.l(libinit2.o)
    0x08000252   0x00000000   Code   RO         1593    .ARM.Collect$$libinit$$00000017  c_w.l(libinit2.o)
    0x08000252   0x00000000   Code   RO         1595    .ARM.Collect$$libinit$$00000019  c_w.l(libinit2.o)
    0x08000252   0x00000000   Code   RO         1597    .ARM.Collect$$libinit$$0000001B  c_w.l(libinit2.o)
    0x08000252   0x00000000   Code   RO         1599    .ARM.Collect$$libinit$$0000001D  c_w.l(libinit2.o)
    0x08000252   0x00000000   Code   RO         1601    .ARM.Collect$$libinit$$0000001F  c_w.l(libinit2.o)
    0x08000252   0x00000000   Code   RO         1603    .ARM.Collect$$libinit$$00000021  c_w.l(libinit2.o)
    0x08000252   0x00000000   Code   RO         1605    .ARM.Collect$$libinit$$00000023  c_w.l(libinit2.o)
    0x08000252   0x00000000   Code   RO         1607    .ARM.Collect$$libinit$$00000025  c_w.l(libinit2.o)
    0x08000252   0x00000000   Code   RO         1611    .ARM.Collect$$libinit$$0000002C  c_w.l(libinit2.o)
    0x08000252   0x00000000   Code   RO         1613    .ARM.Collect$$libinit$$0000002E  c_w.l(libinit2.o)
    0x08000252   0x00000000   Code   RO         1615    .ARM.Collect$$libinit$$00000030  c_w.l(libinit2.o)
    0x08000252   0x00000000   Code   RO         1617    .ARM.Collect$$libinit$$00000032  c_w.l(libinit2.o)
    0x08000252   0x00000002   Code   RO         1618    .ARM.Collect$$libinit$$00000033  c_w.l(libinit2.o)
    0x08000254   0x00000002   Code   RO         1646    .ARM.Collect$$libshutdown$$00000000  c_w.l(libshutdown.o)
    0x08000256   0x00000000   Code   RO         1660    .ARM.Collect$$libshutdown$$00000002  c_w.l(libshutdown2.o)
    0x08000256   0x00000000   Code   RO         1662    .ARM.Collect$$libshutdown$$00000004  c_w.l(libshutdown2.o)
    0x08000256   0x00000000   Code   RO         1665    .ARM.Collect$$libshutdown$$00000007  c_w.l(libshutdown2.o)
    0x08000256   0x00000000   Code   RO         1668    .ARM.Collect$$libshutdown$$0000000A  c_w.l(libshutdown2.o)
    0x08000256   0x00000000   Code   RO         1670    .ARM.Collect$$libshutdown$$0000000C  c_w.l(libshutdown2.o)
    0x08000256   0x00000000   Code   RO         1673    .ARM.Collect$$libshutdown$$0000000F  c_w.l(libshutdown2.o)
    0x08000256   0x00000002   Code   RO         1674    .ARM.Collect$$libshutdown$$00000010  c_w.l(libshutdown2.o)
    0x08000258   0x00000000   Code   RO         1449    .ARM.Collect$$rtentry$$00000000  c_w.l(__rtentry.o)
    0x08000258   0x00000000   Code   RO         1518    .ARM.Collect$$rtentry$$00000002  c_w.l(__rtentry2.o)
    0x08000258   0x00000006   Code   RO         1530    .ARM.Collect$$rtentry$$00000004  c_w.l(__rtentry4.o)
    0x0800025e   0x00000000   Code   RO         1520    .ARM.Collect$$rtentry$$00000009  c_w.l(__rtentry2.o)
    0x0800025e   0x00000004   Code   RO         1521    .ARM.Collect$$rtentry$$0000000A  c_w.l(__rtentry2.o)
    0x08000262   0x00000000   Code   RO         1523    .ARM.Collect$$rtentry$$0000000C  c_w.l(__rtentry2.o)
    0x08000262   0x00000008   Code   RO         1524    .ARM.Collect$$rtentry$$0000000D  c_w.l(__rtentry2.o)
    0x0800026a   0x00000002   Code   RO         1568    .ARM.Collect$$rtexit$$00000000  c_w.l(rtexit.o)
    0x0800026c   0x00000000   Code   RO         1620    .ARM.Collect$$rtexit$$00000002  c_w.l(rtexit2.o)
    0x0800026c   0x00000004   Code   RO         1621    .ARM.Collect$$rtexit$$00000003  c_w.l(rtexit2.o)
    0x08000270   0x00000006   Code   RO         1622    .ARM.Collect$$rtexit$$00000004  c_w.l(rtexit2.o)
    0x08000276   0x00000002   PAD
    0x08000278   0x000001fc   Code   RO            3    .text               main.o
    0x08000474   0x0000001a   Code   RO          200    .text               stm32f4xx_it.o
    0x0800048e   0x00000002   PAD
    0x08000490   0x00000210   Code   RO          324    .text               system_stm32f4xx.o
    0x080006a0   0x00000040   Code   RO          351    .text               startup_stm32f40_41xxx.o
    0x080006e0   0x000000e0   Code   RO          357    .text               misc.o
    0x080007c0   0x00000464   Code   RO          403    .text               stm32f4xx_adc.o
    0x08000c24   0x00000294   Code   RO          446    .text               stm32f4xx_gpio.o
    0x08000eb8   0x0000065c   Code   RO          466    .text               stm32f4xx_rcc.o
    0x08001514   0x00000ca2   Code   RO          488    .text               stm32f4xx_tim.o
    0x080021b6   0x00000002   PAD
    0x080021b8   0x00000454   Code   RO          508    .text               stm32f4xx_usart.o
    0x0800260c   0x00000104   Code   RO          528    .text               delay.o
    0x08002710   0x0000014c   Code   RO          574    .text               usart.o
    0x0800285c   0x00001378   Code   RO          605    .text               oled.o
    0x08003bd4   0x000036d8   Code   RO          632    .text               timer.o
    0x080072ac   0x000000d4   Code   RO          810    .text               gpio.o
    0x08007380   0x000001d8   Code   RO          833    .text               adc.o
    0x08007558   0x000000e0   Code   RO          856    .text               bianmaqi.o
    0x08007638   0x00005c88   Code   RO          882    .text               huidu.o
    0x0800d2c0   0x000004ba   Code   RO         1060    .text               duoji.o
    0x0800d77a   0x00000002   PAD
    0x0800d77c   0x00000404   Code   RO         1165    .text               moni.o
    0x0800db80   0x0000013c   Code   RO         1186    .text               chaoshengbo.o
    0x0800dcbc   0x0000025c   Code   RO         1207    .text               myiic.o
    0x0800df18   0x000022c0   Code   RO         1227    .text               inv_mpu.o
    0x080101d8   0x00000d90   Code   RO         1262    .text               inv_mpu_dmp_motion_driver.o
    0x08010f68   0x00000384   Code   RO         1291    .text               mpu6050.o
    0x080112ec   0x00000002   Code   RO         1311    .text               c_w.l(use_no_semi_2.o)
    0x080112ee   0x00000048   Code   RO         1313    .text               c_w.l(llsdiv.o)
    0x08011336   0x00000002   PAD
    0x08011338   0x00000018   Code   RO         1317    .text               c_w.l(noretval__2printf.o)
    0x08011350   0x0000004e   Code   RO         1321    .text               c_w.l(_printf_pad.o)
    0x0801139e   0x00000002   PAD
    0x080113a0   0x00000078   Code   RO         1323    .text               c_w.l(_printf_dec.o)
    0x08011418   0x00000058   Code   RO         1328    .text               c_w.l(_printf_hex_int.o)
    0x08011470   0x00000138   Code   RO         1358    .text               c_w.l(__printf_flags_wp.o)
    0x080115a8   0x00000058   Code   RO         1371    .text               c_w.l(memcmp.o)
    0x08011600   0x00000010   Code   RO         1373    .text               c_w.l(aeabi_memset.o)
    0x08011610   0x00000006   Code   RO         1375    .text               c_w.l(heapauxi.o)
    0x08011616   0x00000002   Code   RO         1447    .text               c_w.l(use_no_semi.o)
    0x08011618   0x000000ee   Code   RO         1450    .text               c_w.l(lludivv7m.o)
    0x08011706   0x00000016   Code   RO         1452    .text               c_w.l(_rserrno.o)
    0x0801171c   0x000000b2   Code   RO         1454    .text               c_w.l(_printf_intcommon.o)
    0x080117ce   0x00000002   PAD
    0x080117d0   0x00000024   Code   RO         1456    .text               c_w.l(_printf_char_file.o)
    0x080117f4   0x00000044   Code   RO         1459    .text               c_w.l(rt_memclr.o)
    0x08011838   0x00000008   Code   RO         1539    .text               c_w.l(rt_errno_addr_intlibspace.o)
    0x08011840   0x00000030   Code   RO         1541    .text               c_w.l(_printf_char_common.o)
    0x08011870   0x00000008   Code   RO         1543    .text               c_w.l(ferror.o)
    0x08011878   0x0000004e   Code   RO         1547    .text               c_w.l(rt_memclr_w.o)
    0x080118c6   0x00000002   PAD
    0x080118c8   0x00000008   Code   RO         1551    .text               c_w.l(libspace.o)
    0x080118d0   0x0000004a   Code   RO         1554    .text               c_w.l(sys_stackheap_outer.o)
    0x0801191a   0x00000012   Code   RO         1560    .text               c_w.l(exit.o)
    0x0801192c   0x00000030   Code   RO         1500    i.__ARM_fpclassify  m_wm.l(fpclassify.o)
    0x0801195c   0x00000004   PAD
    0x08011960   0x00000360   Code   RO         1415    i.__hardfp_asin     m_wm.l(asin.o)
    0x08011cc0   0x000002d8   Code   RO         1472    i.__hardfp_atan     m_wm.l(atan.o)
    0x08011f98   0x000001f0   Code   RO         1429    i.__hardfp_atan2    m_wm.l(atan2.o)
    0x08012188   0x00000014   Code   RO         1441    i.__hardfp_fabs     m_wm.l(fabs.o)
    0x0801219c   0x000000f8   Code   RO         1502    i.__kernel_poly     m_wm.l(poly.o)
    0x08012294   0x00000014   Code   RO         1487    i.__mathlib_dbl_infnan  m_wm.l(dunder.o)
    0x080122a8   0x00000014   Code   RO         1488    i.__mathlib_dbl_infnan2  m_wm.l(dunder.o)
    0x080122bc   0x00000004   PAD
    0x080122c0   0x00000020   Code   RO         1489    i.__mathlib_dbl_invalid  m_wm.l(dunder.o)
    0x080122e0   0x00000020   Code   RO         1492    i.__mathlib_dbl_underflow  m_wm.l(dunder.o)
    0x08012300   0x0000000e   Code   RO         1356    i._is_digit         c_w.l(__printf_wp.o)
    0x0801230e   0x00000010   Code   RO         1474    i.atan              m_wm.l(atan.o)
    0x0801231e   0x00000018   Code   RO         1443    i.fabs              m_wm.l(fabs.o)
    0x08012336   0x0000006e   Code   RO         1507    i.sqrt              m_wm.l(sqrt.o)
    0x080123a4   0x00000018   Code   RO         1379    x$fpl$basic         fz_wm.l(basic.o)
    0x080123bc   0x00000062   Code   RO         1381    x$fpl$d2f           fz_wm.l(d2f.o)
    0x0801241e   0x00000002   PAD
    0x08012420   0x00000150   Code   RO         1383    x$fpl$dadd          fz_wm.l(daddsub_clz.o)
    0x08012570   0x00000018   Code   RO         1461    x$fpl$dcmpinf       fz_wm.l(dcmpi.o)
    0x08012588   0x000002b0   Code   RO         1390    x$fpl$ddiv          fz_wm.l(ddiv.o)
    0x08012838   0x0000005e   Code   RO         1393    x$fpl$dfix          fz_wm.l(dfix.o)
    0x08012896   0x00000002   PAD
    0x08012898   0x0000005a   Code   RO         1397    x$fpl$dfixu         fz_wm.l(dfixu.o)
    0x080128f2   0x0000002e   Code   RO         1402    x$fpl$dflt          fz_wm.l(dflt_clz.o)
    0x08012920   0x00000026   Code   RO         1401    x$fpl$dfltu         fz_wm.l(dflt_clz.o)
    0x08012946   0x00000002   PAD
    0x08012948   0x00000078   Code   RO         1407    x$fpl$dleqf         fz_wm.l(dleqf.o)
    0x080129c0   0x00000154   Code   RO         1409    x$fpl$dmul          fz_wm.l(dmul.o)
    0x08012b14   0x0000009c   Code   RO         1463    x$fpl$dnaninf       fz_wm.l(dnaninf.o)
    0x08012bb0   0x0000000c   Code   RO         1465    x$fpl$dretinf       fz_wm.l(dretinf.o)
    0x08012bbc   0x0000006c   Code   RO         1411    x$fpl$drleqf        fz_wm.l(drleqf.o)
    0x08012c28   0x00000016   Code   RO         1384    x$fpl$drsb          fz_wm.l(daddsub_clz.o)
    0x08012c3e   0x00000002   PAD
    0x08012c40   0x00000198   Code   RO         1549    x$fpl$dsqrt         fz_wm.l(dsqrt_umaal.o)
    0x08012dd8   0x000001d4   Code   RO         1385    x$fpl$dsub          fz_wm.l(daddsub_clz.o)
    0x08012fac   0x00000056   Code   RO         1413    x$fpl$f2d           fz_wm.l(f2d.o)
    0x08013002   0x0000008c   Code   RO         1467    x$fpl$fnaninf       fz_wm.l(fnaninf.o)
    0x0801308e   0x0000000a   Code   RO         1634    x$fpl$fpinit        fz_wm.l(fpinit.o)
    0x08013098   0x0000000a   Code   RO         1469    x$fpl$fretinf       fz_wm.l(fretinf.o)
    0x080130a2   0x00000000   Code   RO         1471    x$fpl$usenofp       fz_wm.l(usenofp.o)
    0x080130a2   0x00000f09   Data   RO          606    .constdata          oled.o
    0x08013fab   0x00000001   PAD
    0x08013fac   0x00000050   Data   RO         1228    .constdata          inv_mpu.o
    0x08013ffc   0x00000bf6   Data   RO         1264    .constdata          inv_mpu_dmp_motion_driver.o
    0x08014bf2   0x00000028   Data   RO         1329    .constdata          c_w.l(_printf_hex_int.o)
    0x08014c1a   0x00000011   Data   RO         1359    .constdata          c_w.l(__printf_flags_wp.o)
    0x08014c2b   0x00000005   PAD
    0x08014c30   0x00000050   Data   RO         1418    .constdata          m_wm.l(asin.o)
    0x08014c80   0x00000098   Data   RO         1475    .constdata          m_wm.l(atan.o)
    0x08014d18   0x00000008   Data   RO         1504    .constdata          m_wm.l(qnan.o)
    0x08014d20   0x0000004d   Data   RO         1229    .conststring        inv_mpu.o
    0x08014d6d   0x00000003   PAD
    0x08014d70   0x00000020   Data   RO         1692    Region$$Table       anon$$obj.o


    Execution Region RW_IRAM1 (Base: 0x20000000, Size: 0x000008e0, Max: 0x00020000, ABSOLUTE, COMPRESSED[0x00000034])

    Base Addr    Size         Type   Attr      Idx    E Section Name        Object

    0x20000000   0x000000c0   Data   RW            4    .data               main.o
    0x200000c0   0x00000014   Data   RW          325    .data               system_stm32f4xx.o
    0x200000d4   0x00000010   Data   RW          467    .data               stm32f4xx_rcc.o
    0x200000e4   0x00000004   Data   RW          529    .data               delay.o
    0x200000e8   0x00000006   Data   RW          576    .data               usart.o
    0x200000ee   0x00000010   Data   RW          607    .data               oled.o
    0x200000fe   0x00000002   PAD
    0x20000100   0x00000010   Data   RW          633    .data               timer.o
    0x20000110   0x0000005c   Data   RW          883    .data               huidu.o
    0x2000016c   0x00000035   Data   RW         1230    .data               inv_mpu.o
    0x200001a1   0x00000003   PAD
    0x200001a4   0x000000c8   Zero   RW          575    .bss                usart.o
    0x2000026c   0x00000010   Zero   RW         1263    .bss                inv_mpu_dmp_motion_driver.o
    0x2000027c   0x00000060   Zero   RW         1552    .bss                c_w.l(libspace.o)
    0x200002dc   0x00000004   PAD
    0x200002e0   0x00000200   Zero   RW          349    HEAP                startup_stm32f40_41xxx.o
    0x200004e0   0x00000400   Zero   RW          348    STACK               startup_stm32f40_41xxx.o


==============================================================================

Image component sizes


      Code (inc. data)   RO Data    RW Data    ZI Data      Debug   Object Name

       472         26          0          0          0       1464   adc.o
       224         20          0          0          0        668   bianmaqi.o
       316         54          0          0          0        831   chaoshengbo.o
       260          8          0          4          0       1517   delay.o
      1210         16          0          0          0       3535   duoji.o
       212         18          0          0          0        782   gpio.o
     23688       1560          0         92          0      21167   huidu.o
      8896        222        157         53          0      24657   inv_mpu.o
      3472        142       3062          0         16      15611   inv_mpu_dmp_motion_driver.o
       508         40          0        192          0       7347   main.o
       224         20          0          0          0     244881   misc.o
      1028         32          0          0          0       2579   moni.o
       900         22          0          0          0       4515   mpu6050.o
       604         14          0          0          0       1940   myiic.o
      4984        126       3849         16          0      16289   oled.o
        64         26        392          0       1536        840   startup_stm32f40_41xxx.o
      1124         24          0          0          0      10726   stm32f4xx_adc.o
       660         44          0          0          0       4193   stm32f4xx_gpio.o
        26          0          0          0          0      49182   stm32f4xx_it.o
      1628         52          0         16          0      13088   stm32f4xx_rcc.o
      3234         60          0          0          0      23052   stm32f4xx_tim.o
      1108         34          0          0          0       7920   stm32f4xx_usart.o
       528         46          0         20          0       1831   system_stm32f4xx.o
     14040        552          0         16          0     268261   timer.o
       332         18          0          6        200       3390   usart.o

    ----------------------------------------------------------------------
     69748       3176       7496        420       1752     730266   Object Totals
         0          0         32          0          0          0   (incl. Generated)
         6          0          4          5          0          0   (incl. Padding)

    ----------------------------------------------------------------------

      Code (inc. data)   RO Data    RW Data    ZI Data      Debug   Library Member Name

        90          0          0          0          0          0   __dczerorl2.o
         8          0          0          0          0         68   __main.o
       312          4         17          0          0         92   __printf_flags_wp.o
        14          0          0          0          0         68   __printf_wp.o
         0          0          0          0          0          0   __rtentry.o
        12          0          0          0          0          0   __rtentry2.o
         6          0          0          0          0          0   __rtentry4.o
        52          8          0          0          0          0   __scatter.o
        28          0          0          0          0          0   __scatter_zi.o
        48          6          0          0          0         96   _printf_char_common.o
        36          4          0          0          0         80   _printf_char_file.o
         6          0          0          0          0          0   _printf_d.o
       120         16          0          0          0         92   _printf_dec.o
        88          4         40          0          0         88   _printf_hex_int.o
       178          0          0          0          0         88   _printf_intcommon.o
        78          0          0          0          0        108   _printf_pad.o
         0          0          0          0          0          0   _printf_percent.o
         4          0          0          0          0          0   _printf_percent_end.o
         6          0          0          0          0          0   _printf_x.o
        22          0          0          0          0        100   _rserrno.o
        16          0          0          0          0         68   aeabi_memset.o
        18          0          0          0          0         80   exit.o
         8          0          0          0          0         68   ferror.o
         6          0          0          0          0        152   heapauxi.o
         2          0          0          0          0          0   libinit.o
         6          0          0          0          0          0   libinit2.o
         2          0          0          0          0          0   libshutdown.o
         2          0          0          0          0          0   libshutdown2.o
         8          4          0          0         96         68   libspace.o
        72          0          0          0          0         76   llsdiv.o
       238          0          0          0          0        100   lludivv7m.o
        88          0          0          0          0         76   memcmp.o
        24          4          0          0          0         84   noretval__2printf.o
         8          4          0          0          0         68   rt_errno_addr_intlibspace.o
        68          0          0          0          0         68   rt_memclr.o
        78          0          0          0          0         80   rt_memclr_w.o
         2          0          0          0          0          0   rtexit.o
        10          0          0          0          0          0   rtexit2.o
        74          0          0          0          0         80   sys_stackheap_outer.o
         2          0          0          0          0         68   use_no_semi.o
         2          0          0          0          0         68   use_no_semi_2.o
        24          0          0          0          0        164   basic.o
        98          4          0          0          0        140   d2f.o
       826         16          0          0          0        492   daddsub_clz.o
        24          0          0          0          0        116   dcmpi.o
       688        140          0          0          0        256   ddiv.o
        94          4          0          0          0        140   dfix.o
        90          4          0          0          0        140   dfixu.o
        84          0          0          0          0        232   dflt_clz.o
       120          4          0          0          0        140   dleqf.o
       340         12          0          0          0        152   dmul.o
       156          4          0          0          0        140   dnaninf.o
        12          0          0          0          0        116   dretinf.o
       108          0          0          0          0        128   drleqf.o
       408         56          0          0          0        168   dsqrt_umaal.o
        86          4          0          0          0        132   f2d.o
       140          4          0          0          0        132   fnaninf.o
        10          0          0          0          0        116   fpinit.o
        10          0          0          0          0        116   fretinf.o
         0          0          0          0          0          0   usenofp.o
       864         94         80          0          0        280   asin.o
       744        106        152          0          0        352   atan.o
       496         64          0          0          0        192   atan2.o
       104         16          0          0          0        496   dunder.o
        44          0          0          0          0        248   fabs.o
        48          0          0          0          0        124   fpclassify.o
       248          0          0          0          0        152   poly.o
         0          0          8          0          0          0   qnan.o
       110          0          0          0          0        148   sqrt.o

    ----------------------------------------------------------------------
      7846        586        302          0        100       7096   Library Totals
        28          0          5          0          4          0   (incl. Padding)

    ----------------------------------------------------------------------

      Code (inc. data)   RO Data    RW Data    ZI Data      Debug   Library Name

      1842         54         57          0         96       2084   c_w.l
      3318        252          0          0          0       3020   fz_wm.l
      2658        280        240          0          0       1992   m_wm.l

    ----------------------------------------------------------------------
      7846        586        302          0        100       7096   Library Totals

    ----------------------------------------------------------------------

==============================================================================


      Code (inc. data)   RO Data    RW Data    ZI Data      Debug   

     77594       3762       7798        420       1852     728470   Grand Totals
     77594       3762       7798         52       1852     728470   ELF Image Totals (compressed)
     77594       3762       7798         52          0          0   ROM Totals

==============================================================================

    Total RO  Size (Code + RO Data)                85392 (  83.39kB)
    Total RW  Size (RW Data + ZI Data)              2272 (   2.22kB)
    Total ROM Size (Code + RO Data + RW Data)      85444 (  83.44kB)

==============================================================================

